[    0.000000] Initializing cgroup subsys cpuset
[    0.000000] Initializing cgroup subsys cpu
[    0.000000] Initializing cgroup subsys cpuacct
[    0.000000] Linux version 3.19.0-25-generic (buildd@lgw01-07) (gcc version 4.9.2 (Ubuntu 4.9.2-10ubuntu13) ) #26-Ubuntu SMP Fri Jul 24 21:17:31 UTC 2015 (Ubuntu 3.19.0-25.26-generic 3.19.8-ckt2)
[    0.000000] Command line: BOOT_IMAGE=/boot/vmlinuz-3.19.0-25-generic.efi.signed root=UUID=4e136ca1-d476-4cde-91af-3d4e0ed45770 ro quiet splash vt.handoff=7
[    0.000000] KERNEL supported cpus:
[    0.000000]   Intel GenuineIntel
[    0.000000]   AMD AuthenticAMD
[    0.000000]   Centaur CentaurHauls
[    0.000000] e820: BIOS-provided physical RAM map:
[    0.000000] BIOS-e820: [mem 0x0000000000000000-0x0000000000057fff] usable
[    0.000000] BIOS-e820: [mem 0x0000000000058000-0x0000000000058fff] reserved
[    0.000000] BIOS-e820: [mem 0x0000000000059000-0x000000000009dfff] usable
[    0.000000] BIOS-e820: [mem 0x000000000009e000-0x000000000009ffff] reserved
[    0.000000] BIOS-e820: [mem 0x0000000000100000-0x00000000c727efff] usable
[    0.000000] BIOS-e820: [mem 0x00000000c727f000-0x00000000c7285fff] ACPI NVS
[    0.000000] BIOS-e820: [mem 0x00000000c7286000-0x00000000c7b43fff] usable
[    0.000000] BIOS-e820: [mem 0x00000000c7b44000-0x00000000c7d92fff] reserved
[    0.000000] BIOS-e820: [mem 0x00000000c7d93000-0x00000000cb87ffff] usable
[    0.000000] BIOS-e820: [mem 0x00000000cb880000-0x00000000cba75fff] reserved
[    0.000000] BIOS-e820: [mem 0x00000000cba76000-0x00000000cbaa8fff] usable
[    0.000000] BIOS-e820: [mem 0x00000000cbaa9000-0x00000000cbb8ffff] ACPI NVS
[    0.000000] BIOS-e820: [mem 0x00000000cbb90000-0x00000000cbffefff] reserved
[    0.000000] BIOS-e820: [mem 0x00000000cbfff000-0x00000000cbffffff] usable
[    0.000000] BIOS-e820: [mem 0x00000000cd000000-0x00000000cf1fffff] reserved
[    0.000000] BIOS-e820: [mem 0x00000000f8000000-0x00000000fbffffff] reserved
[    0.000000] BIOS-e820: [mem 0x00000000fec00000-0x00000000fec00fff] reserved
[    0.000000] BIOS-e820: [mem 0x00000000fed00000-0x00000000fed03fff] reserved
[    0.000000] BIOS-e820: [mem 0x00000000fed1c000-0x00000000fed1ffff] reserved
[    0.000000] BIOS-e820: [mem 0x00000000fee00000-0x00000000fee00fff] reserved
[    0.000000] BIOS-e820: [mem 0x00000000ff000000-0x00000000ffffffff] reserved
[    0.000000] BIOS-e820: [mem 0x0000000100000000-0x000000022fdfffff] usable
[    0.000000] NX (Execute Disable) protection: active
[    0.000000] e820: update [mem 0xc6f6a018-0xc6f79c57] usable ==> usable
[    0.000000] extended physical RAM map:
[    0.000000] reserve setup_data: [mem 0x0000000000000000-0x0000000000057fff] usable
[    0.000000] reserve setup_data: [mem 0x0000000000058000-0x0000000000058fff] reserved
[    0.000000] reserve setup_data: [mem 0x0000000000059000-0x000000000009dfff] usable
[    0.000000] reserve setup_data: [mem 0x000000000009e000-0x000000000009ffff] reserved
[    0.000000] reserve setup_data: [mem 0x0000000000100000-0x00000000c6f6a017] usable
[    0.000000] reserve setup_data: [mem 0x00000000c6f6a018-0x00000000c6f79c57] usable
[    0.000000] reserve setup_data: [mem 0x00000000c6f79c58-0x00000000c727efff] usable
[    0.000000] reserve setup_data: [mem 0x00000000c727f000-0x00000000c7285fff] ACPI NVS
[    0.000000] reserve setup_data: [mem 0x00000000c7286000-0x00000000c7b43fff] usable
[    0.000000] reserve setup_data: [mem 0x00000000c7b44000-0x00000000c7d92fff] reserved
[    0.000000] reserve setup_data: [mem 0x00000000c7d93000-0x00000000cb87ffff] usable
[    0.000000] reserve setup_data: [mem 0x00000000cb880000-0x00000000cba75fff] reserved
[    0.000000] reserve setup_data: [mem 0x00000000cba76000-0x00000000cbaa8fff] usable
[    0.000000] reserve setup_data: [mem 0x00000000cbaa9000-0x00000000cbb8ffff] ACPI NVS
[    0.000000] reserve setup_data: [mem 0x00000000cbb90000-0x00000000cbffefff] reserved
[    0.000000] reserve setup_data: [mem 0x00000000cbfff000-0x00000000cbffffff] usable
[    0.000000] reserve setup_data: [mem 0x00000000cd000000-0x00000000cf1fffff] reserved
[    0.000000] reserve setup_data: [mem 0x00000000f8000000-0x00000000fbffffff] reserved
[    0.000000] reserve setup_data: [mem 0x00000000fec00000-0x00000000fec00fff] reserved
[    0.000000] reserve setup_data: [mem 0x00000000fed00000-0x00000000fed03fff] reserved
[    0.000000] reserve setup_data: [mem 0x00000000fed1c000-0x00000000fed1ffff] reserved
[    0.000000] reserve setup_data: [mem 0x00000000fee00000-0x00000000fee00fff] reserved
[    0.000000] reserve setup_data: [mem 0x00000000ff000000-0x00000000ffffffff] reserved
[    0.000000] reserve setup_data: [mem 0x0000000100000000-0x000000022fdfffff] usable
[    0.000000] efi: EFI v2.31 by American Megatrends
[    0.000000] efi:  ACPI 2.0=0xcbb31000  ACPI=0xcbb31000  SMBIOS=0xcbf74518 
[    0.000000] efi: mem00: [Conventional Memory|   |  |  |  |   |WB|WT|WC|UC] range=[0x0000000000000000-0x0000000000001000) (0MB)
[    0.000000] efi: mem01: [Loader Data        |   |  |  |  |   |WB|WT|WC|UC] range=[0x0000000000001000-0x0000000000002000) (0MB)
[    0.000000] efi: mem02: [Conventional Memory|   |  |  |  |   |WB|WT|WC|UC] range=[0x0000000000002000-0x0000000000058000) (0MB)
[    0.000000] efi: mem03: [Reserved           |   |  |  |  |   |WB|WT|WC|UC] range=[0x0000000000058000-0x0000000000059000) (0MB)
[    0.000000] efi: mem04: [Conventional Memory|   |  |  |  |   |WB|WT|WC|UC] range=[0x0000000000059000-0x000000000009e000) (0MB)
[    0.000000] efi: mem05: [Reserved           |   |  |  |  |   |WB|WT|WC|UC] range=[0x000000000009e000-0x00000000000a0000) (0MB)
[    0.000000] efi: mem06: [Conventional Memory|   |  |  |  |   |WB|WT|WC|UC] range=[0x0000000000100000-0x0000000001000000) (15MB)
[    0.000000] efi: mem07: [Loader Data        |   |  |  |  |   |WB|WT|WC|UC] range=[0x0000000001000000-0x00000000023e6000) (19MB)
[    0.000000] efi: mem08: [Conventional Memory|   |  |  |  |   |WB|WT|WC|UC] range=[0x00000000023e6000-0x000000003e2e5000) (958MB)
[    0.000000] efi: mem09: [Loader Data        |   |  |  |  |   |WB|WT|WC|UC] range=[0x000000003e2e5000-0x0000000040000000) (29MB)
[    0.000000] efi: mem10: [Conventional Memory|   |  |  |  |   |WB|WT|WC|UC] range=[0x0000000040000000-0x0000000091bd6000) (1307MB)
[    0.000000] efi: mem11: [Loader Data        |   |  |  |  |   |WB|WT|WC|UC] range=[0x0000000091bd6000-0x00000000c3eb1000) (802MB)
[    0.000000] efi: mem12: [Conventional Memory|   |  |  |  |   |WB|WT|WC|UC] range=[0x00000000c3eb1000-0x00000000c6f6a000) (48MB)
[    0.000000] efi: mem13: [Loader Data        |   |  |  |  |   |WB|WT|WC|UC] range=[0x00000000c6f6a000-0x00000000c7067000) (0MB)
[    0.000000] efi: mem14: [Conventional Memory|   |  |  |  |   |WB|WT|WC|UC] range=[0x00000000c7067000-0x00000000c7068000) (0MB)
[    0.000000] efi: mem15: [Loader Data        |   |  |  |  |   |WB|WT|WC|UC] range=[0x00000000c7068000-0x00000000c7069000) (0MB)
[    0.000000] efi: mem16: [Conventional Memory|   |  |  |  |   |WB|WT|WC|UC] range=[0x00000000c7069000-0x00000000c706a000) (0MB)
[    0.000000] efi: mem17: [Loader Data        |   |  |  |  |   |WB|WT|WC|UC] range=[0x00000000c706a000-0x00000000c715c000) (0MB)
[    0.000000] efi: mem18: [Loader Code        |   |  |  |  |   |WB|WT|WC|UC] range=[0x00000000c715c000-0x00000000c727f000) (1MB)
[    0.000000] efi: mem19: [ACPI Memory NVS    |   |  |  |  |   |WB|WT|WC|UC] range=[0x00000000c727f000-0x00000000c7286000) (0MB)
[    0.000000] efi: mem20: [Boot Data          |   |  |  |  |   |WB|WT|WC|UC] range=[0x00000000c7286000-0x00000000c73d3000) (1MB)
[    0.000000] efi: mem21: [Boot Code          |   |  |  |  |   |WB|WT|WC|UC] range=[0x00000000c73d3000-0x00000000c7b05000) (7MB)
[    0.000000] efi: mem22: [Boot Data          |   |  |  |  |   |WB|WT|WC|UC] range=[0x00000000c7b05000-0x00000000c7b21000) (0MB)
[    0.000000] efi: mem23: [Boot Code          |   |  |  |  |   |WB|WT|WC|UC] range=[0x00000000c7b21000-0x00000000c7b3b000) (0MB)
[    0.000000] efi: mem24: [Boot Data          |   |  |  |  |   |WB|WT|WC|UC] range=[0x00000000c7b3b000-0x00000000c7b44000) (0MB)
[    0.000000] efi: mem25: [Runtime Data       |RUN|  |  |  |   |WB|WT|WC|UC] range=[0x00000000c7b44000-0x00000000c7d93000) (2MB)
[    0.000000] efi: mem26: [Boot Data          |   |  |  |  |   |WB|WT|WC|UC] range=[0x00000000c7d93000-0x00000000c7da1000) (0MB)
[    0.000000] efi: mem27: [Conventional Memory|   |  |  |  |   |WB|WT|WC|UC] range=[0x00000000c7da1000-0x00000000c7da2000) (0MB)
[    0.000000] efi: mem28: [Loader Data        |   |  |  |  |   |WB|WT|WC|UC] range=[0x00000000c7da2000-0x00000000c7da4000) (0MB)
[    0.000000] efi: mem29: [Conventional Memory|   |  |  |  |   |WB|WT|WC|UC] range=[0x00000000c7da4000-0x00000000c7da6000) (0MB)
[    0.000000] efi: mem30: [Loader Data        |   |  |  |  |   |WB|WT|WC|UC] range=[0x00000000c7da6000-0x00000000c7da7000) (0MB)
[    0.000000] efi: mem31: [Conventional Memory|   |  |  |  |   |WB|WT|WC|UC] range=[0x00000000c7da7000-0x00000000c7da8000) (0MB)
[    0.000000] efi: mem32: [Loader Data        |   |  |  |  |   |WB|WT|WC|UC] range=[0x00000000c7da8000-0x00000000c7da9000) (0MB)
[    0.000000] efi: mem33: [Conventional Memory|   |  |  |  |   |WB|WT|WC|UC] range=[0x00000000c7da9000-0x00000000c7daa000) (0MB)
[    0.000000] efi: mem34: [Loader Data        |   |  |  |  |   |WB|WT|WC|UC] range=[0x00000000c7daa000-0x00000000c7dac000) (0MB)
[    0.000000] efi: mem35: [Conventional Memory|   |  |  |  |   |WB|WT|WC|UC] range=[0x00000000c7dac000-0x00000000c7dad000) (0MB)
[    0.000000] efi: mem36: [Loader Data        |   |  |  |  |   |WB|WT|WC|UC] range=[0x00000000c7dad000-0x00000000c7db0000) (0MB)
[    0.000000] efi: mem37: [Conventional Memory|   |  |  |  |   |WB|WT|WC|UC] range=[0x00000000c7db0000-0x00000000c8dac000) (15MB)
[    0.000000] efi: mem38: [Boot Data          |   |  |  |  |   |WB|WT|WC|UC] range=[0x00000000c8dac000-0x00000000c9046000) (2MB)
[    0.000000] efi: mem39: [Conventional Memory|   |  |  |  |   |WB|WT|WC|UC] range=[0x00000000c9046000-0x00000000c9054000) (0MB)
[    0.000000] efi: mem40: [Boot Data          |   |  |  |  |   |WB|WT|WC|UC] range=[0x00000000c9054000-0x00000000cac96000) (28MB)
[    0.000000] efi: mem41: [Conventional Memory|   |  |  |  |   |WB|WT|WC|UC] range=[0x00000000cac96000-0x00000000cb644000) (9MB)
[    0.000000] efi: mem42: [Boot Code          |   |  |  |  |   |WB|WT|WC|UC] range=[0x00000000cb644000-0x00000000cb880000) (2MB)
[    0.000000] efi: mem43: [Reserved           |   |  |  |  |   |WB|WT|WC|UC] range=[0x00000000cb880000-0x00000000cb8e7000) (0MB)
[    0.000000] efi: mem44: [Reserved           |   |  |  |  |   |WB|WT|WC|UC] range=[0x00000000cb8e7000-0x00000000cba76000) (1MB)
[    0.000000] efi: mem45: [Conventional Memory|   |  |  |  |   |WB|WT|WC|UC] range=[0x00000000cba76000-0x00000000cbaa9000) (0MB)
[    0.000000] efi: mem46: [ACPI Memory NVS    |   |  |  |  |   |WB|WT|WC|UC] range=[0x00000000cbaa9000-0x00000000cbb67000) (0MB)
[    0.000000] efi: mem47: [ACPI Memory NVS    |   |  |  |  |   |WB|WT|WC|UC] range=[0x00000000cbb67000-0x00000000cbb7a000) (0MB)
[    0.000000] efi: mem48: [ACPI Memory NVS    |   |  |  |  |   |WB|WT|WC|UC] range=[0x00000000cbb7a000-0x00000000cbb7e000) (0MB)
[    0.000000] efi: mem49: [ACPI Memory NVS    |   |  |  |  |   |WB|WT|WC|UC] range=[0x00000000cbb7e000-0x00000000cbb84000) (0MB)
[    0.000000] efi: mem50: [ACPI Memory NVS    |   |  |  |  |   |WB|WT|WC|UC] range=[0x00000000cbb84000-0x00000000cbb90000) (0MB)
[    0.000000] efi: mem51: [Runtime Data       |RUN|  |  |  |   |WB|WT|WC|UC] range=[0x00000000cbb90000-0x00000000cbea6000) (3MB)
[    0.000000] efi: mem52: [Runtime Data       |RUN|  |  |  |   |WB|WT|WC|UC] range=[0x00000000cbea6000-0x00000000cbf76000) (0MB)
[    0.000000] efi: mem53: [Runtime Code       |RUN|  |  |  |   |WB|WT|WC|UC] range=[0x00000000cbf76000-0x00000000cbf91000) (0MB)
[    0.000000] efi: mem54: [Runtime Code       |RUN|  |  |  |   |WB|WT|WC|UC] range=[0x00000000cbf91000-0x00000000cbfff000) (0MB)
[    0.000000] efi: mem55: [Boot Data          |   |  |  |  |   |WB|WT|WC|UC] range=[0x00000000cbfff000-0x00000000cc000000) (0MB)
[    0.000000] efi: mem56: [Conventional Memory|   |  |  |  |   |WB|WT|WC|UC] range=[0x0000000100000000-0x000000022fe00000) (4862MB)
[    0.000000] efi: mem57: [Reserved           |   |  |  |  |   |  |  |  |  ] range=[0x00000000cd000000-0x00000000cf200000) (34MB)
[    0.000000] efi: mem58: [Memory Mapped I/O  |RUN|  |  |  |   |  |  |  |UC] range=[0x00000000f8000000-0x00000000fc000000) (64MB)
[    0.000000] efi: mem59: [Memory Mapped I/O  |RUN|  |  |  |   |  |  |  |UC] range=[0x00000000fec00000-0x00000000fec01000) (0MB)
[    0.000000] efi: mem60: [Memory Mapped I/O  |RUN|  |  |  |   |  |  |  |UC] range=[0x00000000fed00000-0x00000000fed04000) (0MB)
[    0.000000] efi: mem61: [Memory Mapped I/O  |RUN|  |  |  |   |  |  |  |UC] range=[0x00000000fed1c000-0x00000000fed20000) (0MB)
[    0.000000] efi: mem62: [Memory Mapped I/O  |RUN|  |  |  |   |  |  |  |UC] range=[0x00000000fee00000-0x00000000fee01000) (0MB)
[    0.000000] efi: mem63: [Memory Mapped I/O  |RUN|  |  |  |   |  |  |  |UC] range=[0x00000000ff000000-0x0000000100000000) (16MB)
[    0.000000] SMBIOS 2.7 present.
[    0.000000] DMI: Razer Razer Blade/RAZER            , BIOS 1.01 05/20/2013
[    0.000000] e820: update [mem 0x00000000-0x00000fff] usable ==> reserved
[    0.000000] e820: remove [mem 0x000a0000-0x000fffff] usable
[    0.000000] AGP: No AGP bridge found
[    0.000000] e820: last_pfn = 0x22fe00 max_arch_pfn = 0x400000000
[    0.000000] MTRR default type: uncachable
[    0.000000] MTRR fixed ranges enabled:
[    0.000000]   00000-9FFFF write-back
[    0.000000]   A0000-DFFFF uncachable
[    0.000000]   E0000-FFFFF write-protect
[    0.000000] MTRR variable ranges enabled:
[    0.000000]   0 base 0000000000 mask 7E00000000 write-back
[    0.000000]   1 base 0200000000 mask 7FE0000000 write-back
[    0.000000]   2 base 0220000000 mask 7FF0000000 write-back
[    0.000000]   3 base 00E0000000 mask 7FE0000000 uncachable
[    0.000000]   4 base 00D0000000 mask 7FF0000000 uncachable
[    0.000000]   5 base 00CE000000 mask 7FFE000000 uncachable
[    0.000000]   6 base 00CD000000 mask 7FFF000000 uncachable
[    0.000000]   7 base 022FE00000 mask 7FFFE00000 uncachable
[    0.000000]   8 disabled
[    0.000000]   9 disabled
[    0.000000] PAT configuration [0-7]: WB  WC  UC- UC  WB  WC  UC- UC  
[    0.000000] original variable MTRRs
[    0.000000] reg 0, base: 0GB, range: 8GB, type WB
[    0.000000] reg 1, base: 8GB, range: 512MB, type WB
[    0.000000] reg 2, base: 8704MB, range: 256MB, type WB
[    0.000000] reg 3, base: 3584MB, range: 512MB, type UC
[    0.000000] reg 4, base: 3328MB, range: 256MB, type UC
[    0.000000] reg 5, base: 3296MB, range: 32MB, type UC
[    0.000000] reg 6, base: 3280MB, range: 16MB, type UC
[    0.000000] reg 7, base: 8958MB, range: 2MB, type UC
[    0.000000] total RAM covered: 8142M
[    0.000000] Found optimal setting for mtrr clean up
[    0.000000]  gran_size: 64K 	chunk_size: 4M 	num_reg: 9  	lose cover RAM: 0G
[    0.000000] New variable MTRRs
[    0.000000] reg 0, base: 0GB, range: 2GB, type WB
[    0.000000] reg 1, base: 2GB, range: 1GB, type WB
[    0.000000] reg 2, base: 3GB, range: 128MB, type WB
[    0.000000] reg 3, base: 3200MB, range: 64MB, type WB
[    0.000000] reg 4, base: 3264MB, range: 16MB, type WB
[    0.000000] reg 5, base: 4GB, range: 4GB, type WB
[    0.000000] reg 6, base: 8GB, range: 512MB, type WB
[    0.000000] reg 7, base: 8704MB, range: 256MB, type WB
[    0.000000] reg 8, base: 8958MB, range: 2MB, type UC
[    0.000000] e820: update [mem 0xcd000000-0xffffffff] usable ==> reserved
[    0.000000] e820: last_pfn = 0xcc000 max_arch_pfn = 0x400000000
[    0.000000] Scanning 1 areas for low memory corruption
[    0.000000] Base memory trampoline at [ffff880000098000] 98000 size 24576
[    0.000000] Using GB pages for direct mapping
[    0.000000] init_memory_mapping: [mem 0x00000000-0x000fffff]
[    0.000000]  [mem 0x00000000-0x000fffff] page 4k
[    0.000000] BRK [0x01fe5000, 0x01fe5fff] PGTABLE
[    0.000000] BRK [0x01fe6000, 0x01fe6fff] PGTABLE
[    0.000000] BRK [0x01fe7000, 0x01fe7fff] PGTABLE
[    0.000000] init_memory_mapping: [mem 0x22fc00000-0x22fdfffff]
[    0.000000]  [mem 0x22fc00000-0x22fdfffff] page 2M
[    0.000000] BRK [0x01fe8000, 0x01fe8fff] PGTABLE
[    0.000000] init_memory_mapping: [mem 0x220000000-0x22fbfffff]
[    0.000000]  [mem 0x220000000-0x22fbfffff] page 2M
[    0.000000] init_memory_mapping: [mem 0x200000000-0x21fffffff]
[    0.000000]  [mem 0x200000000-0x21fffffff] page 2M
[    0.000000] init_memory_mapping: [mem 0x00100000-0xc727efff]
[    0.000000]  [mem 0x00100000-0x001fffff] page 4k
[    0.000000]  [mem 0x00200000-0x3fffffff] page 2M
[    0.000000]  [mem 0x40000000-0xbfffffff] page 1G
[    0.000000]  [mem 0xc0000000-0xc71fffff] page 2M
[    0.000000]  [mem 0xc7200000-0xc727efff] page 4k
[    0.000000] init_memory_mapping: [mem 0xc7286000-0xc7b43fff]
[    0.000000]  [mem 0xc7286000-0xc73fffff] page 4k
[    0.000000]  [mem 0xc7400000-0xc79fffff] page 2M
[    0.000000]  [mem 0xc7a00000-0xc7b43fff] page 4k
[    0.000000] BRK [0x01fe9000, 0x01fe9fff] PGTABLE
[    0.000000] init_memory_mapping: [mem 0xc7d93000-0xcb87ffff]
[    0.000000]  [mem 0xc7d93000-0xc7dfffff] page 4k
[    0.000000]  [mem 0xc7e00000-0xcb7fffff] page 2M
[    0.000000]  [mem 0xcb800000-0xcb87ffff] page 4k
[    0.000000] BRK [0x01fea000, 0x01feafff] PGTABLE
[    0.000000] init_memory_mapping: [mem 0xcba76000-0xcbaa8fff]
[    0.000000]  [mem 0xcba76000-0xcbaa8fff] page 4k
[    0.000000] init_memory_mapping: [mem 0xcbfff000-0xcbffffff]
[    0.000000]  [mem 0xcbfff000-0xcbffffff] page 4k
[    0.000000] init_memory_mapping: [mem 0x100000000-0x1ffffffff]
[    0.000000]  [mem 0x100000000-0x1ffffffff] page 1G
[    0.000000] RAMDISK: [mem 0x3e2e5000-0x3fffafff]
[    0.000000] ACPI: Early table checksum verification disabled
[    0.000000] ACPI: RSDP 0x00000000CBB31000 000024 (v02 ALASKA)
[    0.000000] ACPI: XSDT 0x00000000CBB31090 0000A4 (v01 ALASKA A M I    01072009 AMI  00010013)
[    0.000000] ACPI: FACP 0x00000000CBB3DBA0 00010C (v05 ALASKA A M I    01072009 AMI  00010013)
[    0.000000] ACPI: DSDT 0x00000000CBB311D0 00C9C9 (v02 ALASKA A M I    00000101 INTL 20120711)
[    0.000000] ACPI: FACS 0x00000000CBB8E080 000040
[    0.000000] ACPI: APIC 0x00000000CBB3DCB0 000092 (v03 ALASKA A M I    01072009 AMI  00010013)
[    0.000000] ACPI: FPDT 0x00000000CBB3DD48 000044 (v01 ALASKA A M I    01072009 AMI  00010013)
[    0.000000] ACPI: ASF! 0x00000000CBB3DD90 0000A5 (v32 INTEL   HCG     00000001 TFSM 000F4240)
[    0.000000] ACPI: SSDT 0x00000000CBB3DE38 000200 (v01 INTEL  sensrhub 00000000 INTL 20120711)
[    0.000000] ACPI: SSDT 0x00000000CBB3E038 00019D (v01 Intel  zpodd    00001000 INTL 20091112)
[    0.000000] ACPI: SSDT 0x00000000CBB3E1D8 00058E (v01 PmRef  Cpu0Ist  00003000 INTL 20051117)
[    0.000000] ACPI: SSDT 0x00000000CBB3E768 000AD8 (v01 PmRef  CpuPm    00003000 INTL 20051117)
[    0.000000] ACPI: MCFG 0x00000000CBB3F240 00003C (v01 ALASKA A M I    01072009 MSFT 00000097)
[    0.000000] ACPI: HPET 0x00000000CBB3F280 000038 (v01 ALASKA A M I    01072009 AMI. 00000005)
[    0.000000] ACPI: SSDT 0x00000000CBB3F2B8 000315 (v01 SataRe SataTabl 00001000 INTL 20091112)
[    0.000000] ACPI: SSDT 0x00000000CBB3F5D0 00329E (v01 SaSsdt SaSsdt   00003000 INTL 20091112)
[    0.000000] ACPI: SSDT 0x00000000CBB42870 001388 (v01 SgRef  SgPeg    00001000 INTL 20091112)
[    0.000000] ACPI: BGRT 0x00000000CBB43BF8 000038 (v00 ALASKA A M I    01072009 AMI  00010013)
[    0.000000] ACPI: DMAR 0x00000000CBB43C30 0000B8 (v01 INTEL  HSW      00000001 INTL 00000001)
[    0.000000] ACPI: SSDT 0x00000000CBB43CE8 0013AE (v01 OptRef OptTabl  00001000 INTL 20120711)
[    0.000000] ACPI: Local APIC address 0xfee00000
[    0.000000] No NUMA configuration found
[    0.000000] Faking a node at [mem 0x0000000000000000-0x000000022fdfffff]
[    0.000000] NODE_DATA(0) allocated [mem 0x22fdf6000-0x22fdfafff]
[    0.000000]  [ffffea0000000000-ffffea0008bfffff] PMD -> [ffff880227400000-ffff88022f3fffff] on node 0
[    0.000000] Zone ranges:
[    0.000000]   DMA      [mem 0x00001000-0x00ffffff]
[    0.000000]   DMA32    [mem 0x01000000-0xffffffff]
[    0.000000]   Normal   [mem 0x100000000-0x22fdfffff]
[    0.000000] Movable zone start for each node
[    0.000000] Early memory node ranges
[    0.000000]   node   0: [mem 0x00001000-0x00057fff]
[    0.000000]   node   0: [mem 0x00059000-0x0009dfff]
[    0.000000]   node   0: [mem 0x00100000-0xc727efff]
[    0.000000]   node   0: [mem 0xc7286000-0xc7b43fff]
[    0.000000]   node   0: [mem 0xc7d93000-0xcb87ffff]
[    0.000000]   node   0: [mem 0xcba76000-0xcbaa8fff]
[    0.000000]   node   0: [mem 0xcbfff000-0xcbffffff]
[    0.000000]   node   0: [mem 0x100000000-0x22fdfffff]
[    0.000000] Initmem setup node 0 [mem 0x00001000-0x22fdfffff]
[    0.000000] On node 0 totalpages: 2077690
[    0.000000]   DMA zone: 64 pages used for memmap
[    0.000000]   DMA zone: 21 pages reserved
[    0.000000]   DMA zone: 3996 pages, LIFO batch:0
[    0.000000]   DMA32 zone: 12954 pages used for memmap
[    0.000000]   DMA32 zone: 829022 pages, LIFO batch:31
[    0.000000]   Normal zone: 19448 pages used for memmap
[    0.000000]   Normal zone: 1244672 pages, LIFO batch:31
[    0.000000] tboot: non-0 tboot_addr but it is not of type E820_RESERVED
[    0.000000] Reserving Intel graphics stolen memory at 0xcd200000-0xcf1fffff
[    0.000000] ACPI: PM-Timer IO Port: 0x1808
[    0.000000] ACPI: Local APIC address 0xfee00000
[    0.000000] ACPI: LAPIC (acpi_id[0x01] lapic_id[0x00] enabled)
[    0.000000] ACPI: LAPIC (acpi_id[0x02] lapic_id[0x02] enabled)
[    0.000000] ACPI: LAPIC (acpi_id[0x03] lapic_id[0x04] enabled)
[    0.000000] ACPI: LAPIC (acpi_id[0x04] lapic_id[0x06] enabled)
[    0.000000] ACPI: LAPIC (acpi_id[0x05] lapic_id[0x01] enabled)
[    0.000000] ACPI: LAPIC (acpi_id[0x06] lapic_id[0x03] enabled)
[    0.000000] ACPI: LAPIC (acpi_id[0x07] lapic_id[0x05] enabled)
[    0.000000] ACPI: LAPIC (acpi_id[0x08] lapic_id[0x07] enabled)
[    0.000000] ACPI: LAPIC_NMI (acpi_id[0xff] high edge lint[0x1])
[    0.000000] ACPI: IOAPIC (id[0x02] address[0xfec00000] gsi_base[0])
[    0.000000] IOAPIC[0]: apic_id 2, version 32, address 0xfec00000, GSI 0-23
[    0.000000] ACPI: INT_SRC_OVR (bus 0 bus_irq 0 global_irq 2 dfl dfl)
[    0.000000] ACPI: INT_SRC_OVR (bus 0 bus_irq 9 global_irq 9 high level)
[    0.000000] ACPI: IRQ0 used by override.
[    0.000000] ACPI: IRQ9 used by override.
[    0.000000] Using ACPI (MADT) for SMP configuration information
[    0.000000] ACPI: HPET id: 0x8086a701 base: 0xfed00000
[    0.000000] smpboot: Allowing 8 CPUs, 0 hotplug CPUs
[    0.000000] PM: Registered nosave memory: [mem 0x00000000-0x00000fff]
[    0.000000] PM: Registered nosave memory: [mem 0x00058000-0x00058fff]
[    0.000000] PM: Registered nosave memory: [mem 0x0009e000-0x0009ffff]
[    0.000000] PM: Registered nosave memory: [mem 0x000a0000-0x000fffff]
[    0.000000] PM: Registered nosave memory: [mem 0xc6f6a000-0xc6f6afff]
[    0.000000] PM: Registered nosave memory: [mem 0xc6f79000-0xc6f79fff]
[    0.000000] PM: Registered nosave memory: [mem 0xc727f000-0xc7285fff]
[    0.000000] PM: Registered nosave memory: [mem 0xc7b44000-0xc7d92fff]
[    0.000000] PM: Registered nosave memory: [mem 0xcb880000-0xcba75fff]
[    0.000000] PM: Registered nosave memory: [mem 0xcbaa9000-0xcbb8ffff]
[    0.000000] PM: Registered nosave memory: [mem 0xcbb90000-0xcbffefff]
[    0.000000] PM: Registered nosave memory: [mem 0xcc000000-0xccffffff]
[    0.000000] PM: Registered nosave memory: [mem 0xcd000000-0xcf1fffff]
[    0.000000] PM: Registered nosave memory: [mem 0xcf200000-0xf7ffffff]
[    0.000000] PM: Registered nosave memory: [mem 0xf8000000-0xfbffffff]
[    0.000000] PM: Registered nosave memory: [mem 0xfc000000-0xfebfffff]
[    0.000000] PM: Registered nosave memory: [mem 0xfec00000-0xfec00fff]
[    0.000000] PM: Registered nosave memory: [mem 0xfec01000-0xfecfffff]
[    0.000000] PM: Registered nosave memory: [mem 0xfed00000-0xfed03fff]
[    0.000000] PM: Registered nosave memory: [mem 0xfed04000-0xfed1bfff]
[    0.000000] PM: Registered nosave memory: [mem 0xfed1c000-0xfed1ffff]
[    0.000000] PM: Registered nosave memory: [mem 0xfed20000-0xfedfffff]
[    0.000000] PM: Registered nosave memory: [mem 0xfee00000-0xfee00fff]
[    0.000000] PM: Registered nosave memory: [mem 0xfee01000-0xfeffffff]
[    0.000000] PM: Registered nosave memory: [mem 0xff000000-0xffffffff]
[    0.000000] e820: [mem 0xcf200000-0xf7ffffff] available for PCI devices
[    0.000000] Booting paravirtualized kernel on bare hardware
[    0.000000] setup_percpu: NR_CPUS:256 nr_cpumask_bits:256 nr_cpu_ids:8 nr_node_ids:1
[    0.000000] PERCPU: Embedded 31 pages/cpu @ffff88022fa00000 s87104 r8192 d31680 u262144
[    0.000000] pcpu-alloc: s87104 r8192 d31680 u262144 alloc=1*2097152
[    0.000000] pcpu-alloc: [0] 0 1 2 3 4 5 6 7 
[    0.000000] Built 1 zonelists in Node order, mobility grouping on.  Total pages: 2045203
[    0.000000] Policy zone: Normal
[    0.000000] Kernel command line: BOOT_IMAGE=/boot/vmlinuz-3.19.0-25-generic.efi.signed root=UUID=4e136ca1-d476-4cde-91af-3d4e0ed45770 ro quiet splash vt.handoff=7
[    0.000000] PID hash table entries: 4096 (order: 3, 32768 bytes)
[    0.000000] xsave: enabled xstate_bv 0x7, cntxt size 0x340 using standard form
[    0.000000] AGP: Checking aperture...
[    0.000000] AGP: No AGP bridge found
[    0.000000] Calgary: detecting Calgary via BIOS EBDA area
[    0.000000] Calgary: Unable to locate Rio Grande table in EBDA - bailing!
[    0.000000] Memory: 8023216K/8310760K available (8002K kernel code, 1232K rwdata, 3760K rodata, 1408K init, 1300K bss, 287544K reserved, 0K cma-reserved)
[    0.000000] SLUB: HWalign=64, Order=0-3, MinObjects=0, CPUs=8, Nodes=1
[    0.000000] Hierarchical RCU implementation.
[    0.000000] 	RCU dyntick-idle grace-period acceleration is enabled.
[    0.000000] 	RCU restricting CPUs from NR_CPUS=256 to nr_cpu_ids=8.
[    0.000000] RCU: Adjusting geometry for rcu_fanout_leaf=16, nr_cpu_ids=8
[    0.000000] NR_IRQS:16640 nr_irqs:488 16
[    0.000000] 	Offload RCU callbacks from all CPUs
[    0.000000] 	Offload RCU callbacks from CPUs: 0-7.
[    0.000000] vt handoff: transparent VT on vt#7
[    0.000000] Console: colour dummy device 80x25
[    0.000000] console [tty0] enabled
[    0.000000] hpet clockevent registered
[    0.000000] tsc: Fast TSC calibration using PIT
[    0.000000] tsc: Detected 2194.939 MHz processor
[    0.000023] Calibrating delay loop (skipped), value calculated using timer frequency.. 4389.87 BogoMIPS (lpj=8779756)
[    0.000025] pid_max: default: 32768 minimum: 301
[    0.000029] ACPI: Core revision 20141107
[    0.010787] ACPI: All ACPI Tables successfully acquired
[    0.011550] Security Framework initialized
[    0.011564] AppArmor: AppArmor initialized
[    0.011565] Yama: becoming mindful.
[    0.011958] Dentry cache hash table entries: 1048576 (order: 11, 8388608 bytes)
[    0.013156] Inode-cache hash table entries: 524288 (order: 10, 4194304 bytes)
[    0.013671] Mount-cache hash table entries: 16384 (order: 5, 131072 bytes)
[    0.013679] Mountpoint-cache hash table entries: 16384 (order: 5, 131072 bytes)
[    0.013837] Initializing cgroup subsys memory
[    0.013841] Initializing cgroup subsys devices
[    0.013843] Initializing cgroup subsys freezer
[    0.013845] Initializing cgroup subsys net_cls
[    0.013846] Initializing cgroup subsys blkio
[    0.013848] Initializing cgroup subsys perf_event
[    0.013849] Initializing cgroup subsys net_prio
[    0.013851] Initializing cgroup subsys hugetlb
[    0.013870] CPU: Physical Processor ID: 0
[    0.013871] CPU: Processor Core ID: 0
[    0.013874] ENERGY_PERF_BIAS: Set to 'normal', was 'performance'
ENERGY_PERF_BIAS: View and update with x86_energy_perf_policy(8)
[    0.014696] mce: CPU supports 9 MCE banks
[    0.014708] CPU0: Thermal monitoring enabled (TM1)
[    0.014716] process: using mwait in idle threads
[    0.014719] Last level iTLB entries: 4KB 1024, 2MB 1024, 4MB 1024
Last level dTLB entries: 4KB 1024, 2MB 1024, 4MB 1024, 1GB 4
[    0.014804] Freeing SMP alternatives memory: 32K (ffffffff81e96000 - ffffffff81e9e000)
[    0.016650] ftrace: allocating 30087 entries in 118 pages
[    0.026430] dmar: Host address width 39
[    0.026432] dmar: DRHD base: 0x000000fed90000 flags: 0x0
[    0.026439] dmar: IOMMU 0: reg_base_addr fed90000 ver 1:0 cap c0000020660462 ecap f0101a
[    0.026440] dmar: DRHD base: 0x000000fed91000 flags: 0x1
[    0.026443] dmar: IOMMU 1: reg_base_addr fed91000 ver 1:0 cap d2008020660462 ecap f010da
[    0.026444] dmar: RMRR base: 0x000000cba0d000 end: 0x000000cba19fff
[    0.026445] dmar: RMRR base: 0x000000cd000000 end: 0x000000cf1fffff
[    0.026511] IOAPIC id 2 under DRHD base  0xfed91000 IOMMU 1
[    0.026511] HPET id 0 under DRHD base 0xfed91000
[    0.026512] Queued invalidation will be enabled to support x2apic and Intr-remapping.
[    0.026637] Enabled IRQ remapping in x2apic mode
[    0.026637] Enabling x2apic
[    0.026638] Enabled x2apic
[    0.026651] Switched APIC routing to cluster x2apic.
[    0.027077] ..TIMER: vector=0x30 apic1=0 pin1=2 apic2=-1 pin2=-1
[    0.066801] smpboot: CPU0: Intel(R) Core(TM) i7-4702HQ CPU @ 2.20GHz (fam: 06, model: 3c, stepping: 03)
[    0.066807] TSC deadline timer enabled
[    0.066825] Performance Events: PEBS fmt2+, 16-deep LBR, Haswell events, full-width counters, Intel PMU driver.
[    0.066841] ... version:                3
[    0.066841] ... bit width:              48
[    0.066842] ... generic registers:      4
[    0.066842] ... value mask:             0000ffffffffffff
[    0.066843] ... max period:             0000ffffffffffff
[    0.066844] ... fixed-purpose events:   3
[    0.066844] ... event mask:             000000070000000f
[    0.067494] x86: Booting SMP configuration:
[    0.067495] .... node  #0, CPUs:      #1
[    0.081335] TSC synchronization [CPU#0 -> CPU#1]:
[    0.081337] Measured 4726450382 cycles TSC warp between CPUs, turning off TSC clock.
[    0.081340] tsc: Marking TSC unstable due to check_tsc_sync_source failed
[    0.081411] NMI watchdog: enabled on all CPUs, permanently consumes one hw-PMU counter.
[    0.081477]  #2 #3 #4 #5 #6 #7
[    0.157995] x86: Booted up 1 node, 8 CPUs
[    0.157998] smpboot: Total of 8 processors activated (35119.02 BogoMIPS)
[    0.160085] devtmpfs: initialized
[    0.162837] evm: security.selinux
[    0.162838] evm: security.SMACK64
[    0.162839] evm: security.SMACK64EXEC
[    0.162839] evm: security.SMACK64TRANSMUTE
[    0.162840] evm: security.SMACK64MMAP
[    0.162840] evm: security.ima
[    0.162841] evm: security.capability
[    0.162852] PM: Registering ACPI NVS region [mem 0xc727f000-0xc7285fff] (28672 bytes)
[    0.162852] PM: Registering ACPI NVS region [mem 0xcbaa9000-0xcbb8ffff] (946176 bytes)
[    0.162852] pinctrl core: initialized pinctrl subsystem
[    0.162852] RTC time: 17:23:00, date: 07/28/15
[    0.162852] NET: Registered protocol family 16
[    0.164006] cpuidle: using governor ladder
[    0.168005] cpuidle: using governor menu
[    0.168061] ACPI FADT declares the system doesn't support PCIe ASPM, so disable it
[    0.168062] ACPI: bus type PCI registered
[    0.168064] acpiphp: ACPI Hot Plug PCI Controller Driver version: 0.5
[    0.168131] PCI: MMCONFIG for domain 0000 [bus 00-3f] at [mem 0xf8000000-0xfbffffff] (base 0xf8000000)
[    0.168133] PCI: MMCONFIG at [mem 0xf8000000-0xfbffffff] reserved in E820
[    0.168212] PCI: Using configuration type 1 for base access
[    0.172098] ACPI: Added _OSI(Module Device)
[    0.172100] ACPI: Added _OSI(Processor Device)
[    0.172101] ACPI: Added _OSI(3.0 _SCP Extensions)
[    0.172102] ACPI: Added _OSI(Processor Aggregator Device)
[    0.175532] ACPI: Executed 2 blocks of module-level executable AML code
[    0.177965] [Firmware Bug]: ACPI: BIOS _OSI(Linux) query ignored
[    0.178688] ACPI: Dynamic OEM Table Load:
[    0.178694] ACPI: SSDT 0xFFFF88022598C800 0003D3 (v01 PmRef  Cpu0Cst  00003001 INTL 20051117)
[    0.179233] ACPI: Dynamic OEM Table Load:
[    0.179238] ACPI: SSDT 0xFFFF880225993000 0005AA (v01 PmRef  ApIst    00003000 INTL 20051117)
[    0.179805] ACPI: Dynamic OEM Table Load:
[    0.179809] ACPI: SSDT 0xFFFF880225987800 000119 (v01 PmRef  ApCst    00003000 INTL 20051117)
[    0.181156] ACPI: Interpreter enabled
[    0.181156] ACPI Exception: AE_NOT_FOUND, While evaluating Sleep State [\_S1_] (20141107/hwxface-580)
[    0.181156] ACPI Exception: AE_NOT_FOUND, While evaluating Sleep State [\_S2_] (20141107/hwxface-580)
[    0.181156] ACPI: (supports S0 S3 S4 S5)
[    0.181156] ACPI: Using IOAPIC for interrupt routing
[    0.181156] PCI: Using host bridge windows from ACPI; if necessary, use "pci=nocrs" and report a bug
[    0.199204] ACPI: Power Resource [FN00] (off)
[    0.199259] ACPI: Power Resource [FN01] (off)
[    0.199311] ACPI: Power Resource [FN02] (off)
[    0.199363] ACPI: Power Resource [FN03] (off)
[    0.199414] ACPI: Power Resource [FN04] (off)
[    0.199974] ACPI: PCI Root Bridge [PCI0] (domain 0000 [bus 00-3e])
[    0.199978] acpi PNP0A08:00: _OSC: OS supports [ExtendedConfig ASPM ClockPM Segments MSI]
[    0.200119] acpi PNP0A08:00: _OSC: platform does not support [PCIeHotplug PME]
[    0.200205] acpi PNP0A08:00: _OSC: OS now controls [AER PCIeCapability]
[    0.200206] acpi PNP0A08:00: FADT indicates ASPM is unsupported, using BIOS configuration
[    0.200612] PCI host bridge to bus 0000:00
[    0.200614] pci_bus 0000:00: root bus resource [bus 00-3e]
[    0.200616] pci_bus 0000:00: root bus resource [io  0x0000-0x0cf7]
[    0.200617] pci_bus 0000:00: root bus resource [io  0x0d00-0xffff]
[    0.200618] pci_bus 0000:00: root bus resource [mem 0x000a0000-0x000bffff]
[    0.200619] pci_bus 0000:00: root bus resource [mem 0x000c0000-0x000c3fff]
[    0.200620] pci_bus 0000:00: root bus resource [mem 0x000c4000-0x000c7fff]
[    0.200621] pci_bus 0000:00: root bus resource [mem 0x000c8000-0x000cbfff]
[    0.200622] pci_bus 0000:00: root bus resource [mem 0x000cc000-0x000cffff]
[    0.200623] pci_bus 0000:00: root bus resource [mem 0x000d0000-0x000d3fff]
[    0.200624] pci_bus 0000:00: root bus resource [mem 0x000d4000-0x000d7fff]
[    0.200626] pci_bus 0000:00: root bus resource [mem 0x000d8000-0x000dbfff]
[    0.200627] pci_bus 0000:00: root bus resource [mem 0x000dc000-0x000dffff]
[    0.200628] pci_bus 0000:00: root bus resource [mem 0xcf200000-0xfeafffff]
[    0.200634] pci 0000:00:00.0: [8086:0c04] type 00 class 0x060000
[    0.200713] pci 0000:00:01.0: [8086:0c01] type 01 class 0x060400
[    0.200743] pci 0000:00:01.0: PME# supported from D0 D3hot D3cold
[    0.200789] pci 0000:00:01.0: System wakeup disabled by ACPI
[    0.200820] pci 0000:00:02.0: [8086:0416] type 00 class 0x030000
[    0.200829] pci 0000:00:02.0: reg 0x10: [mem 0xf7400000-0xf77fffff 64bit]
[    0.200834] pci 0000:00:02.0: reg 0x18: [mem 0xd0000000-0xdfffffff 64bit pref]
[    0.200837] pci 0000:00:02.0: reg 0x20: [io  0xf000-0xf03f]
[    0.200907] pci 0000:00:03.0: [8086:0c0c] type 00 class 0x040300
[    0.200912] pci 0000:00:03.0: reg 0x10: [mem 0xf7914000-0xf7917fff 64bit]
[    0.200999] pci 0000:00:14.0: [8086:8c31] type 00 class 0x0c0330
[    0.201016] pci 0000:00:14.0: reg 0x10: [mem 0xf7900000-0xf790ffff 64bit]
[    0.201072] pci 0000:00:14.0: PME# supported from D3hot D3cold
[    0.201108] pci 0000:00:14.0: System wakeup disabled by ACPI
[    0.201138] pci 0000:00:16.0: [8086:8c3a] type 00 class 0x078000
[    0.201155] pci 0000:00:16.0: reg 0x10: [mem 0xf791e000-0xf791e00f 64bit]
[    0.201214] pci 0000:00:16.0: PME# supported from D0 D3hot D3cold
[    0.201288] pci 0000:00:1a.0: [8086:8c2d] type 00 class 0x0c0320
[    0.201307] pci 0000:00:1a.0: reg 0x10: [mem 0xf791c000-0xf791c3ff]
[    0.201389] pci 0000:00:1a.0: PME# supported from D0 D3hot D3cold
[    0.201437] pci 0000:00:1a.0: System wakeup disabled by ACPI
[    0.201469] pci 0000:00:1b.0: [8086:8c20] type 00 class 0x040300
[    0.201481] pci 0000:00:1b.0: reg 0x10: [mem 0xf7910000-0xf7913fff 64bit]
[    0.201538] pci 0000:00:1b.0: PME# supported from D0 D3hot D3cold
[    0.201578] pci 0000:00:1b.0: System wakeup disabled by ACPI
[    0.201608] pci 0000:00:1c.0: [8086:8c10] type 01 class 0x060400
[    0.201671] pci 0000:00:1c.0: PME# supported from D0 D3hot D3cold
[    0.201711] pci 0000:00:1c.0: System wakeup disabled by ACPI
[    0.201743] pci 0000:00:1c.3: [8086:8c16] type 01 class 0x060400
[    0.201806] pci 0000:00:1c.3: PME# supported from D0 D3hot D3cold
[    0.201847] pci 0000:00:1c.3: System wakeup disabled by ACPI
[    0.201884] pci 0000:00:1d.0: [8086:8c26] type 00 class 0x0c0320
[    0.201903] pci 0000:00:1d.0: reg 0x10: [mem 0xf791b000-0xf791b3ff]
[    0.201986] pci 0000:00:1d.0: PME# supported from D0 D3hot D3cold
[    0.202036] pci 0000:00:1d.0: System wakeup disabled by ACPI
[    0.202069] pci 0000:00:1f.0: [8086:8c4b] type 00 class 0x060100
[    0.202227] pci 0000:00:1f.2: [8086:8c03] type 00 class 0x010601
[    0.202240] pci 0000:00:1f.2: reg 0x10: [io  0xf0b0-0xf0b7]
[    0.202247] pci 0000:00:1f.2: reg 0x14: [io  0xf0a0-0xf0a3]
[    0.202254] pci 0000:00:1f.2: reg 0x18: [io  0xf090-0xf097]
[    0.202261] pci 0000:00:1f.2: reg 0x1c: [io  0xf080-0xf083]
[    0.202268] pci 0000:00:1f.2: reg 0x20: [io  0xf060-0xf07f]
[    0.202275] pci 0000:00:1f.2: reg 0x24: [mem 0xf791a000-0xf791a7ff]
[    0.202311] pci 0000:00:1f.2: PME# supported from D3hot
[    0.202372] pci 0000:00:1f.3: [8086:8c22] type 00 class 0x0c0500
[    0.202386] pci 0000:00:1f.3: reg 0x10: [mem 0xf7919000-0xf79190ff 64bit]
[    0.202405] pci 0000:00:1f.3: reg 0x20: [io  0xf040-0xf05f]
[    0.202517] pci 0000:01:00.0: [10de:11e2] type 00 class 0x030200
[    0.202526] pci 0000:01:00.0: reg 0x10: [mem 0xf6000000-0xf6ffffff]
[    0.202534] pci 0000:01:00.0: reg 0x14: [mem 0xe0000000-0xefffffff 64bit pref]
[    0.202542] pci 0000:01:00.0: reg 0x1c: [mem 0xf0000000-0xf1ffffff 64bit pref]
[    0.202547] pci 0000:01:00.0: reg 0x24: [io  0xe000-0xe07f]
[    0.202553] pci 0000:01:00.0: reg 0x30: [mem 0xf7000000-0xf707ffff pref]
[    0.202600] pci 0000:01:00.0: System wakeup disabled by ACPI
[    0.208013] pci 0000:00:01.0: PCI bridge to [bus 01]
[    0.208015] pci 0000:00:01.0:   bridge window [io  0xe000-0xefff]
[    0.208018] pci 0000:00:01.0:   bridge window [mem 0xf6000000-0xf70fffff]
[    0.208021] pci 0000:00:01.0:   bridge window [mem 0xe0000000-0xf1ffffff 64bit pref]
[    0.208093] acpiphp: Slot [1] registered
[    0.208099] pci 0000:00:1c.0: PCI bridge to [bus 02]
[    0.208188] pci 0000:03:00.0: [168c:0034] type 00 class 0x028000
[    0.208212] pci 0000:03:00.0: reg 0x10: [mem 0xf7800000-0xf787ffff 64bit]
[    0.208250] pci 0000:03:00.0: reg 0x30: [mem 0xf7880000-0xf788ffff pref]
[    0.208325] pci 0000:03:00.0: supports D1 D2
[    0.208326] pci 0000:03:00.0: PME# supported from D0 D1 D2 D3hot D3cold
[    0.208356] pci 0000:03:00.0: System wakeup disabled by ACPI
[    0.216013] pci 0000:00:1c.3: PCI bridge to [bus 03]
[    0.216019] pci 0000:00:1c.3:   bridge window [mem 0xf7800000-0xf78fffff]
[    0.216501] ACPI: PCI Interrupt Link [LNKA] (IRQs 3 4 5 6 10 11 12 14 15) *0, disabled.
[    0.216545] ACPI: PCI Interrupt Link [LNKB] (IRQs 3 4 5 6 10 11 12 14 15) *0, disabled.
[    0.216587] ACPI: PCI Interrupt Link [LNKC] (IRQs 3 4 5 6 10 11 12 14 15) *0, disabled.
[    0.216628] ACPI: PCI Interrupt Link [LNKD] (IRQs 3 4 5 6 10 11 12 14 15) *0, disabled.
[    0.216670] ACPI: PCI Interrupt Link [LNKE] (IRQs 3 4 5 6 10 11 12 14 15) *0, disabled.
[    0.216712] ACPI: PCI Interrupt Link [LNKF] (IRQs 3 4 5 6 10 11 12 14 15) *0, disabled.
[    0.216752] ACPI: PCI Interrupt Link [LNKG] (IRQs 3 4 5 6 10 11 12 14 15) *0, disabled.
[    0.220019] ACPI: PCI Interrupt Link [LNKH] (IRQs 3 4 5 6 10 11 12 14 15) *0, disabled.
[    0.220337] ACPI: Enabled 5 GPEs in block 00 to 3F
[    0.220354] ACPI : EC: GPE = 0x17, I/O: command/status = 0x66, data = 0x62
[    0.220411] vgaarb: setting as boot device: PCI:0000:00:02.0
[    0.220411] vgaarb: device added: PCI:0000:00:02.0,decodes=io+mem,owns=io+mem,locks=none
[    0.220411] vgaarb: loaded
[    0.220411] vgaarb: bridge control possible 0000:00:02.0
[    0.220411] SCSI subsystem initialized
[    0.220411] libata version 3.00 loaded.
[    0.220411] ACPI: bus type USB registered
[    0.220411] usbcore: registered new interface driver usbfs
[    0.220411] usbcore: registered new interface driver hub
[    0.220411] usbcore: registered new device driver usb
[    0.220411] PCI: Using ACPI for IRQ routing
[    0.221290] PCI: pci_cache_line_size set to 64 bytes
[    0.221325] e820: reserve RAM buffer [mem 0x00058000-0x0005ffff]
[    0.221327] e820: reserve RAM buffer [mem 0x0009e000-0x0009ffff]
[    0.221327] e820: reserve RAM buffer [mem 0xc6f6a018-0xc7ffffff]
[    0.221329] e820: reserve RAM buffer [mem 0xc727f000-0xc7ffffff]
[    0.221330] e820: reserve RAM buffer [mem 0xc7b44000-0xc7ffffff]
[    0.221330] e820: reserve RAM buffer [mem 0xcb880000-0xcbffffff]
[    0.221331] e820: reserve RAM buffer [mem 0xcbaa9000-0xcbffffff]
[    0.221333] e820: reserve RAM buffer [mem 0x22fe00000-0x22fffffff]
[    0.221416] NetLabel: Initializing
[    0.221417] NetLabel:  domain hash size = 128
[    0.221418] NetLabel:  protocols = UNLABELED CIPSOv4
[    0.221427] NetLabel:  unlabeled traffic allowed by default
[    0.221444] hpet0: at MMIO 0xfed00000, IRQs 2, 8, 0, 0, 0, 0, 0, 0
[    0.221444] hpet0: 8 comparators, 64-bit 14.318180 MHz counter
[    0.224026] Switched to clocksource hpet
[    0.228148] AppArmor: AppArmor Filesystem Enabled
[    0.228195] pnp: PnP ACPI init
[    0.228263] system 00:00: [mem 0xfed40000-0xfed44fff] has been reserved
[    0.228266] system 00:00: Plug and Play ACPI device, IDs PNP0c01 (active)
[    0.228379] system 00:01: [io  0x0680-0x069f] has been reserved
[    0.228381] system 00:01: [io  0xffff] has been reserved
[    0.228382] system 00:01: [io  0xffff] has been reserved
[    0.228384] system 00:01: [io  0xffff] has been reserved
[    0.228385] system 00:01: [io  0x1c00-0x1cfe] has been reserved
[    0.228386] system 00:01: [io  0x1d00-0x1dfe] has been reserved
[    0.228387] system 00:01: [io  0x1e00-0x1efe] has been reserved
[    0.228388] system 00:01: [io  0x1f00-0x1ffe] has been reserved
[    0.228390] system 00:01: [io  0x1800-0x18fe] could not be reserved
[    0.228391] system 00:01: [io  0x164e-0x164f] has been reserved
[    0.228392] system 00:01: Plug and Play ACPI device, IDs PNP0c02 (active)
[    0.228416] pnp 00:02: Plug and Play ACPI device, IDs PNP0b00 (active)
[    0.228447] system 00:03: [io  0x1854-0x1857] has been reserved
[    0.228449] system 00:03: Plug and Play ACPI device, IDs INT3f0d PNP0c02 (active)
[    0.228480] system 00:04: [io  0x04d0-0x04d1] has been reserved
[    0.228482] system 00:04: Plug and Play ACPI device, IDs PNP0c02 (active)
[    0.230487] system 00:05: [mem 0xfed1c000-0xfed1ffff] has been reserved
[    0.230489] system 00:05: [mem 0xfed10000-0xfed17fff] has been reserved
[    0.230491] system 00:05: [mem 0xfed18000-0xfed18fff] has been reserved
[    0.230492] system 00:05: [mem 0xfed19000-0xfed19fff] has been reserved
[    0.230494] system 00:05: [mem 0xf8000000-0xfbffffff] has been reserved
[    0.230496] system 00:05: [mem 0xfed20000-0xfed3ffff] has been reserved
[    0.230498] system 00:05: [mem 0xfed90000-0xfed93fff] could not be reserved
[    0.230499] system 00:05: [mem 0xfed45000-0xfed8ffff] has been reserved
[    0.230501] system 00:05: [mem 0xff000000-0xffffffff] has been reserved
[    0.230503] system 00:05: [mem 0xfee00000-0xfeefffff] could not be reserved
[    0.230504] system 00:05: [mem 0xf7fef000-0xf7feffff] has been reserved
[    0.230506] system 00:05: [mem 0xf7ff0000-0xf7ff0fff] has been reserved
[    0.230508] system 00:05: Plug and Play ACPI device, IDs PNP0c02 (active)
[    0.230754] pnp: PnP ACPI: found 6 devices
[    0.236949] pci 0000:00:01.0: PCI bridge to [bus 01]
[    0.236951] pci 0000:00:01.0:   bridge window [io  0xe000-0xefff]
[    0.236953] pci 0000:00:01.0:   bridge window [mem 0xf6000000-0xf70fffff]
[    0.236955] pci 0000:00:01.0:   bridge window [mem 0xe0000000-0xf1ffffff 64bit pref]
[    0.236958] pci 0000:00:1c.0: PCI bridge to [bus 02]
[    0.236967] pci 0000:00:1c.3: PCI bridge to [bus 03]
[    0.236972] pci 0000:00:1c.3:   bridge window [mem 0xf7800000-0xf78fffff]
[    0.236979] pci_bus 0000:00: resource 4 [io  0x0000-0x0cf7]
[    0.236980] pci_bus 0000:00: resource 5 [io  0x0d00-0xffff]
[    0.236981] pci_bus 0000:00: resource 6 [mem 0x000a0000-0x000bffff]
[    0.236982] pci_bus 0000:00: resource 7 [mem 0x000c0000-0x000c3fff]
[    0.236983] pci_bus 0000:00: resource 8 [mem 0x000c4000-0x000c7fff]
[    0.236984] pci_bus 0000:00: resource 9 [mem 0x000c8000-0x000cbfff]
[    0.236985] pci_bus 0000:00: resource 10 [mem 0x000cc000-0x000cffff]
[    0.236986] pci_bus 0000:00: resource 11 [mem 0x000d0000-0x000d3fff]
[    0.236987] pci_bus 0000:00: resource 12 [mem 0x000d4000-0x000d7fff]
[    0.236989] pci_bus 0000:00: resource 13 [mem 0x000d8000-0x000dbfff]
[    0.236990] pci_bus 0000:00: resource 14 [mem 0x000dc000-0x000dffff]
[    0.236991] pci_bus 0000:00: resource 15 [mem 0xcf200000-0xfeafffff]
[    0.236992] pci_bus 0000:01: resource 0 [io  0xe000-0xefff]
[    0.236993] pci_bus 0000:01: resource 1 [mem 0xf6000000-0xf70fffff]
[    0.236994] pci_bus 0000:01: resource 2 [mem 0xe0000000-0xf1ffffff 64bit pref]
[    0.236995] pci_bus 0000:03: resource 1 [mem 0xf7800000-0xf78fffff]
[    0.237015] NET: Registered protocol family 2
[    0.237146] TCP established hash table entries: 65536 (order: 7, 524288 bytes)
[    0.237244] TCP bind hash table entries: 65536 (order: 8, 1048576 bytes)
[    0.237343] TCP: Hash tables configured (established 65536 bind 65536)
[    0.237354] TCP: reno registered
[    0.237362] UDP hash table entries: 4096 (order: 5, 131072 bytes)
[    0.237382] UDP-Lite hash table entries: 4096 (order: 5, 131072 bytes)
[    0.237423] NET: Registered protocol family 1
[    0.237435] pci 0000:00:02.0: Video device with shadowed ROM
[    0.237798] PCI: CLS 64 bytes, default 64
[    0.237833] Trying to unpack rootfs image as initramfs...
[    0.598477] Freeing initrd memory: 29784K (ffff88003e2e5000 - ffff88003fffb000)
[    0.598504] PCI-DMA: Using software bounce buffering for IO (SWIOTLB)
[    0.598506] software IO TLB [mem 0xc2f6a000-0xc6f6a000] (64MB) mapped at [ffff8800c2f6a000-ffff8800c6f69fff]
[    0.598740] RAPL PMU detected, hw unit 2^-14 Joules, API unit is 2^-32 Joules, 4 fixed counters 655360 ms ovfl timer
[    0.598786] microcode: CPU0 sig=0x306c3, pf=0x20, revision=0x8
[    0.598790] microcode: CPU1 sig=0x306c3, pf=0x20, revision=0x8
[    0.598797] microcode: CPU2 sig=0x306c3, pf=0x20, revision=0x8
[    0.598804] microcode: CPU3 sig=0x306c3, pf=0x20, revision=0x8
[    0.598810] microcode: CPU4 sig=0x306c3, pf=0x20, revision=0x8
[    0.598817] microcode: CPU5 sig=0x306c3, pf=0x20, revision=0x8
[    0.598824] microcode: CPU6 sig=0x306c3, pf=0x20, revision=0x8
[    0.598830] microcode: CPU7 sig=0x306c3, pf=0x20, revision=0x8
[    0.598869] microcode: Microcode Update Driver: v2.00 <tigran@aivazian.fsnet.co.uk>, Peter Oruba
[    0.598889] Scanning for low memory corruption every 60 seconds
[    0.599148] futex hash table entries: 2048 (order: 5, 131072 bytes)
[    0.599168] Initialise system trusted keyring
[    0.599187] audit: initializing netlink subsys (disabled)
[    0.599197] audit: type=2000 audit(1438104180.596:1): initialized
[    0.599442] HugeTLB registered 2 MB page size, pre-allocated 0 pages
[    0.600481] zpool: loaded
[    0.600484] zbud: loaded
[    0.600599] VFS: Disk quotas dquot_6.5.2
[    0.600623] VFS: Dquot-cache hash table entries: 512 (order 0, 4096 bytes)
[    0.600942] fuse init (API version 7.23)
[    0.601045] Key type big_key registered
[    0.601387] Key type asymmetric registered
[    0.601389] Asymmetric key parser 'x509' registered
[    0.601412] Block layer SCSI generic (bsg) driver version 0.4 loaded (major 252)
[    0.601455] io scheduler noop registered
[    0.601457] io scheduler deadline registered (default)
[    0.601478] io scheduler cfq registered
[    0.601810] pci_hotplug: PCI Hot Plug PCI Core version: 0.5
[    0.601821] pciehp: PCI Express Hot Plug Controller Driver version: 0.4
[    0.601846] efifb: probing for efifb
[    0.601861] efifb: framebuffer at 0xd0000000, mapped to 0xffffc90004f00000, using 5628k, total 5625k
[    0.601862] efifb: mode is 1600x900x32, linelength=6400, pages=1
[    0.601863] efifb: scrolling: redraw
[    0.601864] efifb: Truecolor: size=8:8:8:8, shift=24:16:8:0
[    0.601928] Console: switching to colour frame buffer device 200x56
[    0.601940] fb0: EFI VGA frame buffer device
[    0.601946] intel_idle: MWAIT substates: 0x42120
[    0.601947] intel_idle: v0.4 model 0x3C
[    0.601948] intel_idle: lapic_timer_reliable_states 0xffffffff
[    0.608615] ACPI: AC Adapter [AC0] (on-line)
[    0.608717] input: Power Button as /devices/LNXSYSTM:00/LNXSYBUS:00/PNP0C0C:00/input/input0
[    0.608720] ACPI: Power Button [PWRB]
[    0.608753] input: Lid Switch as /devices/LNXSYSTM:00/LNXSYBUS:00/PNP0C0D:00/input/input1
[    0.608772] ACPI: Lid Switch [LID0]
[    0.608805] input: Power Button as /devices/LNXSYSTM:00/LNXPWRBN:00/input/input2
[    0.608807] ACPI: Power Button [PWRF]
[    0.609525] thermal LNXTHERM:00: registered as thermal_zone0
[    0.609527] ACPI: Thermal Zone [TZ00] (28 C)
[    0.609722] thermal LNXTHERM:01: registered as thermal_zone1
[    0.609723] ACPI: Thermal Zone [TZ01] (30 C)
[    0.609762] GHES: HEST is not enabled!
[    0.609843] Serial: 8250/16550 driver, 32 ports, IRQ sharing enabled
[    0.654185] ACPI: Battery Slot [BAT0] (battery present)
[    0.654367] Linux agpgart interface v0.103
[    0.656692] brd: module loaded
[    0.657264] loop: module loaded
[    0.657466] libphy: Fixed MDIO Bus: probed
[    0.657469] tun: Universal TUN/TAP device driver, 1.6
[    0.657470] tun: (C) 1999-2004 Max Krasnyansky <maxk@qualcomm.com>
[    0.657536] PPP generic driver version 2.4.2
[    0.657719] xhci_hcd 0000:00:14.0: xHCI Host Controller
[    0.657725] xhci_hcd 0000:00:14.0: new USB bus registered, assigned bus number 1
[    0.657816] xhci_hcd 0000:00:14.0: cache line size of 64 is not supported
[    0.657893] usb usb1: New USB device found, idVendor=1d6b, idProduct=0002
[    0.657895] usb usb1: New USB device strings: Mfr=3, Product=2, SerialNumber=1
[    0.657896] usb usb1: Product: xHCI Host Controller
[    0.657897] usb usb1: Manufacturer: Linux 3.19.0-25-generic xhci-hcd
[    0.657899] usb usb1: SerialNumber: 0000:00:14.0
[    0.658004] hub 1-0:1.0: USB hub found
[    0.658021] hub 1-0:1.0: 14 ports detected
[    0.659913] xhci_hcd 0000:00:14.0: xHCI Host Controller
[    0.659915] xhci_hcd 0000:00:14.0: new USB bus registered, assigned bus number 2
[    0.659945] usb usb2: New USB device found, idVendor=1d6b, idProduct=0003
[    0.659946] usb usb2: New USB device strings: Mfr=3, Product=2, SerialNumber=1
[    0.659947] usb usb2: Product: xHCI Host Controller
[    0.659948] usb usb2: Manufacturer: Linux 3.19.0-25-generic xhci-hcd
[    0.659949] usb usb2: SerialNumber: 0000:00:14.0
[    0.660035] hub 2-0:1.0: USB hub found
[    0.660046] hub 2-0:1.0: 6 ports detected
[    0.660798] ehci_hcd: USB 2.0 'Enhanced' Host Controller (EHCI) Driver
[    0.660805] ehci-pci: EHCI PCI platform driver
[    0.660875] ehci-pci 0000:00:1a.0: EHCI Host Controller
[    0.660878] ehci-pci 0000:00:1a.0: new USB bus registered, assigned bus number 3
[    0.660888] ehci-pci 0000:00:1a.0: debug port 2
[    0.664774] ehci-pci 0000:00:1a.0: cache line size of 64 is not supported
[    0.664794] ehci-pci 0000:00:1a.0: irq 16, io mem 0xf791c000
[    0.676039] ehci-pci 0000:00:1a.0: USB 2.0 started, EHCI 1.00
[    0.676071] usb usb3: New USB device found, idVendor=1d6b, idProduct=0002
[    0.676073] usb usb3: New USB device strings: Mfr=3, Product=2, SerialNumber=1
[    0.676074] usb usb3: Product: EHCI Host Controller
[    0.676076] usb usb3: Manufacturer: Linux 3.19.0-25-generic ehci_hcd
[    0.676077] usb usb3: SerialNumber: 0000:00:1a.0
[    0.676252] hub 3-0:1.0: USB hub found
[    0.676257] hub 3-0:1.0: 2 ports detected
[    0.676451] ehci-pci 0000:00:1d.0: EHCI Host Controller
[    0.676458] ehci-pci 0000:00:1d.0: new USB bus registered, assigned bus number 4
[    0.676469] ehci-pci 0000:00:1d.0: debug port 2
[    0.680356] ehci-pci 0000:00:1d.0: cache line size of 64 is not supported
[    0.680376] ehci-pci 0000:00:1d.0: irq 23, io mem 0xf791b000
[    0.692089] ehci-pci 0000:00:1d.0: USB 2.0 started, EHCI 1.00
[    0.692140] usb usb4: New USB device found, idVendor=1d6b, idProduct=0002
[    0.692142] usb usb4: New USB device strings: Mfr=3, Product=2, SerialNumber=1
[    0.692144] usb usb4: Product: EHCI Host Controller
[    0.692145] usb usb4: Manufacturer: Linux 3.19.0-25-generic ehci_hcd
[    0.692147] usb usb4: SerialNumber: 0000:00:1d.0
[    0.692351] hub 4-0:1.0: USB hub found
[    0.692357] hub 4-0:1.0: 2 ports detected
[    0.692487] ehci-platform: EHCI generic platform driver
[    0.692503] ohci_hcd: USB 1.1 'Open' Host Controller (OHCI) Driver
[    0.692509] ohci-pci: OHCI PCI platform driver
[    0.692520] ohci-platform: OHCI generic platform driver
[    0.692528] uhci_hcd: USB Universal Host Controller Interface driver
[    0.692575] i8042: PNP: No PS/2 controller found. Probing ports directly.
[    0.703977] serio: i8042 KBD port at 0x60,0x64 irq 1
[    0.703982] serio: i8042 AUX port at 0x60,0x64 irq 12
[    0.704247] mousedev: PS/2 mouse device common for all mice
[    0.704736] rtc_cmos 00:02: RTC can wake from S4
[    0.704869] rtc_cmos 00:02: rtc core: registered rtc_cmos as rtc0
[    0.704897] rtc_cmos 00:02: alarms up to one month, y3k, 242 bytes nvram, hpet irqs
[    0.704910] i2c /dev entries driver
[    0.704961] device-mapper: uevent: version 1.0.3
[    0.705033] device-mapper: ioctl: 4.29.0-ioctl (2014-10-28) initialised: dm-devel@redhat.com
[    0.705048] Intel P-state driver initializing.
[    0.705269] Consider also installing thermald for improved thermal control.
[    0.705274] ledtrig-cpu: registered to indicate activity on CPUs
[    0.705277] EFI Variables Facility v0.08 2004-May-17
[    0.708911] PCCT header not found.
[    0.708912] ACPI PCC probe failed.
[    0.708980] TCP: cubic registered
[    0.709049] NET: Registered protocol family 10
[    0.709272] NET: Registered protocol family 17
[    0.709281] Key type dns_resolver registered
[    0.709608] Loading compiled-in X.509 certificates
[    0.710237] Loaded X.509 cert 'Magrathea: Glacier signing key: 897aad757d0e4d72cd84240b25ac782885bfae3f'
[    0.710259] registered taskstats version 1
[    0.712177] Key type trusted registered
[    0.716612] input: AT Translated Set 2 keyboard as /devices/platform/i8042/serio0/input/input3
[    0.716640] Key type encrypted registered
[    0.716649] AppArmor: AppArmor sha1 policy hashing enabled
[    0.716652] ima: No TPM chip found, activating TPM-bypass!
[    0.716668] evm: HMAC attrs: 0x1
[    0.717157]   Magic number: 7:736:391
[    0.717163] hub 3-0:1.0: hash matches
[    0.717177] thermal cooling_device6: hash matches
[    0.717445] rtc_cmos 00:02: setting system clock to 2015-07-28 17:23:01 UTC (1438104181)
[    0.717614] BIOS EDD facility v0.16 2004-Jun-25, 0 devices found
[    0.717616] EDD information not available.
[    0.717703] PM: Hibernation image not present or could not be loaded.
[    0.718031] Freeing unused kernel memory: 1408K (ffffffff81d36000 - ffffffff81e96000)
[    0.718033] Write protecting the kernel read-only data: 12288k
[    0.718282] Freeing unused kernel memory: 176K (ffff8800017d4000 - ffff880001800000)
[    0.718387] Freeing unused kernel memory: 336K (ffff880001bac000 - ffff880001c00000)
[    0.728801] random: systemd-udevd urandom read with 7 bits of entropy available
[    0.737975] sdhci: Secure Digital Host Controller Interface driver
[    0.737977] sdhci: Copyright(c) Pierre Ossman
[    0.740242] wmi: Mapper loaded
[    0.755590] [drm] Initialized drm 1.1.0 20060810
[    0.755979] ahci 0000:00:1f.2: version 3.0
[    0.756170] ahci 0000:00:1f.2: AHCI 0001.0300 32 slots 6 ports 6 Gbps 0x10 impl SATA mode
[    0.756174] ahci 0000:00:1f.2: flags: 64bit ncq pm led clo pio slum part ems apst 
[    0.756852] scsi host0: ahci
[    0.756967] scsi host1: ahci
[    0.757151] scsi host2: ahci
[    0.757537] scsi host3: ahci
[    0.760432] scsi host4: ahci
[    0.765466] scsi host5: ahci
[    0.765523] ata1: DUMMY
[    0.765524] ata2: DUMMY
[    0.765525] ata3: DUMMY
[    0.765526] ata4: DUMMY
[    0.765529] ata5: SATA max UDMA/133 abar m2048@0xf791a000 port 0xf791a300 irq 28
[    0.765529] ata6: DUMMY
[    0.772621] MXM: GUID detected in BIOS
[    0.772682] ACPI Warning: \_SB_.PCI0.PEG0.PEGP._DSM: Argument #4 type mismatch - Found [Buffer], ACPI requires [Package] (20141107/nsarguments-95)
[    0.772719] ACPI Warning: \_SB_.PCI0.PEG0.PEGP._DSM: Argument #4 type mismatch - Found [Buffer], ACPI requires [Package] (20141107/nsarguments-95)
[    0.772877] pci 0000:01:00.0: optimus capabilities: enabled, status dynamic power, hda bios codec supported
[    0.772879] VGA switcheroo: detected Optimus DSM method \_SB_.PCI0.PEG0.PEGP handle
[    0.772893] checking generic (d0000000 57f000) vs hw (e0000000 10000000)
[    0.772894] checking generic (d0000000 57f000) vs hw (f0000000 2000000)
[    0.772918] nouveau 0000:01:00.0: enabling device (0006 -> 0007)
[    0.773095] nouveau  [  DEVICE][0000:01:00.0] BOOT0  : 0x0e6220a1
[    0.773097] nouveau  [  DEVICE][0000:01:00.0] Chipset: GK106 (NVE6)
[    0.773098] nouveau  [  DEVICE][0000:01:00.0] Family : NVE0
[    0.822935] nouveau 0000:01:00.0: Invalid ROM contents
[    0.823027] nouveau  [   VBIOS][0000:01:00.0] using image from PLATFORM
[    0.823095] nouveau  [   VBIOS][0000:01:00.0] BIT signature found
[    0.823097] nouveau  [   VBIOS][0000:01:00.0] version 80.06.44.00.ff
[    0.823797] nouveau  [ DEVINIT][0000:01:00.0] adaptor not initialised
[    0.823832] nouveau  [   VBIOS][0000:01:00.0] running init tables
[    0.966582] nouveau  [     PMC][0000:01:00.0] MSI interrupts enabled
[    0.966641] nouveau  [     PFB][0000:01:00.0] RAM type: GDDR5
[    0.966642] nouveau  [     PFB][0000:01:00.0] RAM size: 2048 MiB
[    0.966643] nouveau  [     PFB][0000:01:00.0]    ZCOMP: 0 tags
[    0.968042] usb 1-2: new high-speed USB device number 2 using xhci_hcd
[    0.968891] nouveau  [    VOLT][0000:01:00.0] GPU voltage: 600000uv
[    0.976317] usb 2-1: new SuperSpeed USB device number 2 using xhci_hcd
[    0.996631] usb 2-1: New USB device found, idVendor=05e3, idProduct=0612
[    0.996633] usb 2-1: New USB device strings: Mfr=1, Product=2, SerialNumber=0
[    0.996634] usb 2-1: Product: USB3.0 Hub
[    0.996636] usb 2-1: Manufacturer: GenesysLogic
[    1.003099] hub 2-1:1.0: USB hub found
[    1.003473] hub 2-1:1.0: 4 ports detected
[    1.018650] nouveau  [  PTHERM][0000:01:00.0] FAN control: none / external
[    1.018659] nouveau  [  PTHERM][0000:01:00.0] fan management: automatic
[    1.018674] nouveau  [  PTHERM][0000:01:00.0] internal sensor: yes
[    1.018712] nouveau  [     CLK][0000:01:00.0] 07: core 405 MHz memory 810 MHz 
[    1.018754] nouveau  [     CLK][0000:01:00.0] 0a: core 405-901 MHz memory 1620 MHz 
[    1.018809] nouveau  [     CLK][0000:01:00.0] 0f: core 405-901 MHz memory 4008 MHz 
[    1.018876] nouveau  [     CLK][0000:01:00.0] --: core 405 MHz memory 810 MHz 
[    1.032062] usb 3-1: new high-speed USB device number 2 using ehci-pci
[    1.032084] usb 4-1: new high-speed USB device number 2 using ehci-pci
[    1.056410] nouveau E[    PBUS][0000:01:00.0] MMIO read of 0x00000000 FAULT at 0x500c30 [ IBUS ]
[    1.056628] [TTM] Zone  kernel: Available graphics memory: 4048926 kiB
[    1.056630] [TTM] Zone   dma32: Available graphics memory: 2097152 kiB
[    1.056630] [TTM] Initializing pool allocator
[    1.056634] [TTM] Initializing DMA pool allocator
[    1.056641] nouveau  [     DRM] VRAM: 2048 MiB
[    1.056642] nouveau  [     DRM] GART: 1048576 MiB
[    1.056644] nouveau  [     DRM] TMDS table version 2.0
[    1.056646] nouveau  [     DRM] DCB version 4.0
[    1.056647] nouveau W[     DRM] Pointer to flat panel table invalid
[    1.063040] nouveau  [     DRM] MM: using COPY for buffer copies
[    1.063045] [drm] Initialized nouveau 1.2.1 20120801 for 0000:01:00.0 on minor 0
[    1.063522] [drm] Memory usable by graphics device = 2048M
[    1.063525] checking generic (d0000000 57f000) vs hw (d0000000 10000000)
[    1.063526] fb: switching to inteldrmfb from EFI VGA
[    1.063540] Console: switching to colour dummy device 80x25
[    1.063630] [drm] Replacing VGA console driver
[    1.084093] ata5: SATA link up 6.0 Gbps (SStatus 133 SControl 300)
[    1.084555] ata5.00: ACPI cmd ef/90:06:00:00:00:00 (SET FEATURES) succeeded
[    1.084559] ata5.00: ACPI cmd f5/00:00:00:00:00:00 (SECURITY FREEZE LOCK) filtered out
[    1.084561] ata5.00: ACPI cmd b1/c1:00:00:00:00:00 (DEVICE CONFIGURATION OVERLAY) filtered out
[    1.084802] ata5.00: supports DRM functions and may not be fully accessible
[    1.084903] ata5.00: failed to get NCQ Send/Recv Log Emask 0x1
[    1.084906] ata5.00: ATA-9: Samsung SSD 840 EVO 1TB mSATA, EXT42B6Q, max UDMA/133
[    1.084908] ata5.00: 1953525168 sectors, multi 1: LBA48 NCQ (depth 31/32), AA
[    1.085446] ata5.00: ACPI cmd ef/90:06:00:00:00:00 (SET FEATURES) succeeded
[    1.085450] ata5.00: ACPI cmd f5/00:00:00:00:00:00 (SECURITY FREEZE LOCK) filtered out
[    1.085452] ata5.00: ACPI cmd b1/c1:00:00:00:00:00 (DEVICE CONFIGURATION OVERLAY) filtered out
[    1.085669] ata5.00: supports DRM functions and may not be fully accessible
[    1.085712] ata5.00: failed to get NCQ Send/Recv Log Emask 0x1
[    1.085745] ata5.00: configured for UDMA/133
[    1.085898] scsi 4:0:0:0: Direct-Access     ATA      Samsung SSD 840  2B6Q PQ: 0 ANSI: 5
[    1.086200] sd 4:0:0:0: [sda] 1953525168 512-byte logical blocks: (1.00 TB/931 GiB)
[    1.086207] sd 4:0:0:0: Attached scsi generic sg0 type 0
[    1.086425] sd 4:0:0:0: [sda] Write Protect is off
[    1.086429] sd 4:0:0:0: [sda] Mode Sense: 00 3a 00 00
[    1.086467] sd 4:0:0:0: [sda] Write cache: enabled, read cache: enabled, doesn't support DPO or FUA
[    1.088113] [drm] Supports vblank timestamp caching Rev 2 (21.10.2013).
[    1.088116] [drm] Driver supports precise vblank timestamp query.
[    1.088136] vga_switcheroo: enabled
[    1.088217] vgaarb: device changed decodes: PCI:0000:00:02.0,olddecodes=io+mem,decodes=io+mem:owns=io+mem
[    1.091278]  sda: sda1 sda2 sda3
[    1.091661] sd 4:0:0:0: [sda] Attached SCSI disk
[    1.147724] usb 1-2: New USB device found, idVendor=05e3, idProduct=0610
[    1.147727] usb 1-2: New USB device strings: Mfr=1, Product=2, SerialNumber=0
[    1.147729] usb 1-2: Product: USB2.0 Hub
[    1.147730] usb 1-2: Manufacturer: GenesysLogic
[    1.149515] hub 1-2:1.0: USB hub found
[    1.151156] hub 1-2:1.0: 4 ports detected
[    1.152907] [Firmware Bug]: ACPI(PEGP) defines _DOD but not _DOS
[    1.153775] ACPI: Video Device [PEGP] (multi-head: yes  rom: yes  post: no)
[    1.153779] ACPI Error: [\_SB_.PCI0.GFX0.DD02._BCL] Namespace lookup failure, AE_NOT_FOUND (20141107/psargs-359)
[    1.153782] ACPI Error: Method parse/execution failed [\_SB_.PCI0.PEG0.PEGP.DD02._BCL] (Node ffff8802270ee6b8), AE_NOT_FOUND (20141107/psparse-536)
[    1.153819] input: Video Bus as /devices/LNXSYSTM:00/LNXSYBUS:00/PNP0A08:00/device:62/LNXVIDEO:00/input/input6
[    1.154964] ACPI: Video Device [GFX0] (multi-head: yes  rom: no  post: no)
[    1.155062] input: Video Bus as /devices/LNXSYSTM:00/LNXSYBUS:00/PNP0A08:00/LNXVIDEO:01/input/input7
[    1.155224] [drm] Initialized i915 1.6.0 20141121 for 0000:00:02.0 on minor 1
[    1.164389] usb 3-1: New USB device found, idVendor=8087, idProduct=8008
[    1.164393] usb 3-1: New USB device strings: Mfr=0, Product=0, SerialNumber=0
[    1.164490] usb 4-1: New USB device found, idVendor=8087, idProduct=8000
[    1.164494] usb 4-1: New USB device strings: Mfr=0, Product=0, SerialNumber=0
[    1.164782] hub 3-1:1.0: USB hub found
[    1.164819] hub 4-1:1.0: USB hub found
[    1.164842] hub 3-1:1.0: 6 ports detected
[    1.164999] hub 4-1:1.0: 8 ports detected
[    1.224082] [drm] GMBUS [i915 gmbus vga] timed out, falling back to bit banging on pin 2
[    1.266037] fbcon: inteldrmfb (fb0) is primary device
[    1.266062] Console: switching to colour frame buffer device 200x56
[    1.266082] i915 0000:00:02.0: fb0: inteldrmfb frame buffer device
[    1.266084] i915 0000:00:02.0: registered panic notifier
[    1.328061] usb 1-5: new full-speed USB device number 3 using xhci_hcd
[    1.457903] usb 1-5: New USB device found, idVendor=1532, idProduct=011d
[    1.457906] usb 1-5: New USB device strings: Mfr=1, Product=2, SerialNumber=0
[    1.457908] usb 1-5: Product: Razer Blade
[    1.457909] usb 1-5: Manufacturer: Razer
[    1.461265] hidraw: raw HID events driver (C) Jiri Kosina
[    1.464247] usbcore: registered new interface driver usbhid
[    1.464249] usbhid: USB HID core driver
[    1.465988] input: Razer Razer Blade as /devices/pci0000:00/0000:00:14.0/usb1/1-5/1-5:1.0/0003:1532:011D.0001/input/input8
[    1.466117] hid-generic 0003:1532:011D.0001: input,hiddev0,hidraw0: USB HID v1.11 Pointer [Razer Razer Blade] on usb-0000:00:14.0-5/input0
[    1.466845] input: Razer Razer Blade as /devices/pci0000:00/0000:00:14.0/usb1/1-5/1-5:1.1/0003:1532:011D.0002/input/input9
[    1.520135] hid-generic 0003:1532:011D.0002: input,hidraw1: USB HID v1.11 Keyboard [Razer Razer Blade] on usb-0000:00:14.0-5/input1
[    1.520276] input: Razer Razer Blade as /devices/pci0000:00/0000:00:14.0/usb1/1-5/1-5:1.2/0003:1532:011D.0003/input/input10
[    1.528967] usb 1-2.1: new low-speed USB device number 4 using xhci_hcd
[    1.576327] hid-generic 0003:1532:011D.0003: input,hidraw2: USB HID v1.11 Keyboard [Razer Razer Blade] on usb-0000:00:14.0-5/input2
[    1.576451] input: Razer Razer Blade as /devices/pci0000:00/0000:00:14.0/usb1/1-5/1-5:1.3/0003:1532:011D.0004/input/input11
[    1.576731] hid-generic 0003:1532:011D.0004: input,hidraw3: USB HID v1.11 Mouse [Razer Razer Blade] on usb-0000:00:14.0-5/input3
[    1.639353] usb 1-2.1: New USB device found, idVendor=1d34, idProduct=0020
[    1.639356] usb 1-2.1: New USB device strings: Mfr=1, Product=2, SerialNumber=3
[    1.639358] usb 1-2.1: Product: DL120A Dream Cheeky Generic Controller
[    1.639360] usb 1-2.1: Manufacturer: Dream Link
[    1.639361] usb 1-2.1: SerialNumber: 0x01
[    1.649928] hid-generic 0003:1D34:0020.0005: hiddev0,hidraw4: USB HID v1.00 Device [Dream Link DL120A Dream Cheeky Generic Controller] on usb-0000:00:14.0-2.1/input0
[    1.784108] usb 1-13: new full-speed USB device number 5 using xhci_hcd
[    1.913780] usb 1-13: string descriptor 0 read error: -22
[    1.913787] usb 1-13: New USB device found, idVendor=0cf3, idProduct=3004
[    1.913788] usb 1-13: New USB device strings: Mfr=1, Product=2, SerialNumber=3
[    1.984569] usb 1-2.2: new high-speed USB device number 6 using xhci_hcd
[    2.073273] usb 1-2.2: New USB device found, idVendor=13fd, idProduct=0842
[    2.073276] usb 1-2.2: New USB device strings: Mfr=1, Product=2, SerialNumber=3
[    2.073278] usb 1-2.2: Product: USB Mass Storage Device 
[    2.073280] usb 1-2.2: Manufacturer: TSSTcorp
[    2.073281] usb 1-2.2: SerialNumber: SATASLIM00001000000
[    2.076322] usb-storage 1-2.2:1.0: USB Mass Storage device detected
[    2.076452] scsi host6: usb-storage 1-2.2:1.0
[    2.076503] usbcore: registered new interface driver usb-storage
[    2.184023] usb 1-14: new high-speed USB device number 7 using xhci_hcd
[    2.422091] usb 1-14: New USB device found, idVendor=1bcf, idProduct=2c11
[    2.422095] usb 1-14: New USB device strings: Mfr=1, Product=2, SerialNumber=0
[    2.422097] usb 1-14: Product: HD WebCam
[    2.422099] usb 1-14: Manufacturer: 49.W1R01G00135Q38T
[    2.440830] usb 1-2.3: new low-speed USB device number 8 using xhci_hcd
[    2.476891] EXT4-fs (sda2): mounted filesystem with ordered data mode. Opts: (null)
[    2.533361] usb 1-2.3: New USB device found, idVendor=0461, idProduct=4d42
[    2.533365] usb 1-2.3: New USB device strings: Mfr=0, Product=2, SerialNumber=0
[    2.533366] usb 1-2.3: Product: Dynex 5-Button Wired Optical Mouse
[    2.533560] usb 1-2.3: ep 0x81 - rounding interval to 64 microframes, ep desc says 80 microframes
[    2.536362] input: Dynex 5-Button Wired Optical Mouse as /devices/pci0000:00/0000:00:14.0/usb1/1-2/1-2.3/1-2.3:1.0/0003:0461:4D42.0006/input/input12
[    2.536750] hid-generic 0003:0461:4D42.0006: input,hidraw5: USB HID v1.11 Mouse [Dynex 5-Button Wired Optical Mouse] on usb-0000:00:14.0-2.3/input0
[    2.608073] systemd[1]: Inserted module 'autofs4'
[    2.612785] usb 1-2.4: new full-speed USB device number 9 using xhci_hcd
[    2.619483] systemd[1]: systemd 219 running in system mode. (+PAM +AUDIT +SELINUX +IMA +APPARMOR +SMACK +SYSVINIT +UTMP +LIBCRYPTSETUP +GCRYPT -GNUTLS +ACL +XZ -LZ4 -SECCOMP +BLKID -ELFUTILS +KMOD -IDN)
[    2.619649] systemd[1]: Detected architecture x86-64.
[    2.620458] systemd[1]: Set hostname to <razer>.
[    2.705598] systemd[1]: Set up automount Arbitrary Executable File Formats File System Automount Point.
[    2.705610] systemd[1]: Starting Arbitrary Executable File Formats File System Automount Point.
[    2.705648] systemd[1]: Reached target Remote File Systems (Pre).
[    2.705655] systemd[1]: Starting Remote File Systems (Pre).
[    2.705706] systemd[1]: Created slice Root Slice.
[    2.705713] systemd[1]: Starting Root Slice.
[    2.705808] systemd[1]: Created slice User and Session Slice.
[    2.705816] systemd[1]: Starting User and Session Slice.
[    2.705878] systemd[1]: Listening on Journal Socket.
[    2.705891] systemd[1]: Starting Journal Socket.
[    2.705997] systemd[1]: Listening on Journal Audit Socket.
[    2.706002] systemd[1]: Starting Journal Audit Socket.
[    2.706055] systemd[1]: Listening on udev Control Socket.
[    2.706060] systemd[1]: Starting udev Control Socket.
[    2.706090] systemd[1]: Listening on Delayed Shutdown Socket.
[    2.706094] systemd[1]: Starting Delayed Shutdown Socket.
[    2.706148] systemd[1]: Listening on Journal Socket (/dev/log).
[    2.706153] systemd[1]: Starting Journal Socket (/dev/log).
[    2.706222] systemd[1]: Created slice System Slice.
[    2.706231] systemd[1]: Starting System Slice.
[    2.706538] systemd[1]: Starting Create list of required static device nodes for the current kernel...
[    2.706861] systemd[1]: Mounting Debug File System...
[    2.709046] systemd[1]: Starting Load Kernel Modules...
[    2.709674] systemd[1]: Started Braille Device Support.
[    2.709938] systemd[1]: Starting Braille Device Support...
[    2.710451] systemd[1]: Starting Setup Virtual Console...
[    2.710959] systemd[1]: Mounting POSIX Message Queue File System...
[    2.711060] systemd[1]: Reached target Slices.
[    2.711072] systemd[1]: Starting Slices.
[    2.712223] systemd[1]: Started Set Up Additional Binary Formats.
[    2.712686] systemd[1]: Started Read required files in advance.
[    2.712870] systemd[1]: Starting Read required files in advance...
[    2.712996] systemd[1]: Created slice system-getty.slice.
[    2.713003] systemd[1]: Starting system-getty.slice.
[    2.713469] systemd[1]: Starting Increase datagram queue length...
[    2.713649] systemd[1]: Created slice system-systemd\x2dfsck.slice.
[    2.713658] systemd[1]: Starting system-systemd\x2dfsck.slice.
[    2.713796] systemd[1]: Created slice system-systemd\x2dcryptsetup.slice.
[    2.713811] systemd[1]: Starting system-systemd\x2dcryptsetup.slice.
[    2.714218] systemd[1]: Mounting Huge Pages File System...
[    2.714312] systemd[1]: Listening on fsck to fsckd communication Socket.
[    2.714327] systemd[1]: Starting fsck to fsckd communication Socket.
[    2.714393] systemd[1]: Listening on /dev/initctl Compatibility Named Pipe.
[    2.714400] systemd[1]: Starting /dev/initctl Compatibility Named Pipe.
[    2.714818] systemd[1]: Starting Nameserver information manager...
[    2.714902] systemd[1]: Started Forward Password Requests to Wall Directory Watch.
[    2.714913] systemd[1]: Starting Forward Password Requests to Wall Directory Watch.
[    2.714959] systemd[1]: Listening on udev Kernel Socket.
[    2.714966] systemd[1]: Starting udev Kernel Socket.
[    2.715411] systemd[1]: Starting udev Coldplug all Devices...
[    2.715832] systemd[1]: Starting Uncomplicated firewall...
[    2.716751] systemd[1]: Mounted Debug File System.
[    2.716977] systemd[1]: Mounted POSIX Message Queue File System.
[    2.717127] systemd[1]: Mounted Huge Pages File System.
[    2.717395] systemd[1]: Started Create list of required static device nodes for the current kernel.
[    2.717724] systemd[1]: Started Setup Virtual Console.
[    2.718019] systemd[1]: Started Increase datagram queue length.
[    2.719881] systemd[1]: Started Uncomplicated firewall.
[    2.721150] lp: driver loaded but no devices found
[    2.722415] systemd[1]: Started Nameserver information manager.
[    2.722825] usb 1-2.4: New USB device found, idVendor=0f39, idProduct=0876
[    2.722827] usb 1-2.4: New USB device strings: Mfr=1, Product=2, SerialNumber=0
[    2.722829] usb 1-2.4: Product: Deck 87 Francium Pro
[    2.722830] usb 1-2.4: Manufacturer: Heng Yu Technology
[    2.722927] usb 1-2.4: ep 0x82 - rounding interval to 64 microframes, ep desc says 80 microframes
[    2.723502] ppdev: user-space parallel port driver
[    2.724456] input: Heng Yu Technology Deck 87 Francium Pro as /devices/pci0000:00/0000:00:14.0/usb1/1-2/1-2.4/1-2.4:1.0/0003:0F39:0876.0007/input/input13
[    2.726452] systemd[1]: Started Load Kernel Modules.
[    2.736483] systemd[1]: Mounted Configuration File System.
[    2.737046] systemd[1]: Mounting FUSE Control File System...
[    2.737523] systemd[1]: Starting Apply Kernel Variables...
[    2.737605] systemd[1]: Listening on Syslog Socket.
[    2.737627] systemd[1]: Starting Syslog Socket.
[    2.738138] systemd[1]: Starting Journal Service...
[    2.738698] systemd[1]: Starting Create Static Device Nodes in /dev...
[    2.739317] systemd[1]: Mounted FUSE Control File System.
[    2.744636] systemd[1]: Started Apply Kernel Variables.
[    2.747514] systemd[1]: Started Create Static Device Nodes in /dev.
[    2.748756] systemd[1]: Starting udev Kernel Device Manager...
[    2.753403] systemd[1]: Started udev Coldplug all Devices.
[    2.754861] systemd[1]: Starting udev Wait for Complete Device Initialization...
[    2.765629] systemd[1]: Started Journal Service.
[    2.780205] hid-generic 0003:0F39:0876.0007: input,hidraw6: USB HID v1.10 Keyboard [Heng Yu Technology Deck 87 Francium Pro] on usb-0000:00:14.0-2.4/input0
[    2.783071] input: Heng Yu Technology Deck 87 Francium Pro as /devices/pci0000:00/0000:00:14.0/usb1/1-2/1-2.4/1-2.4:1.1/0003:0F39:0876.0008/input/input14
[    2.836373] hid-generic 0003:0F39:0876.0008: input,hidraw7: USB HID v1.10 Device [Heng Yu Technology Deck 87 Francium Pro] on usb-0000:00:14.0-2.4/input1
[    2.950675] EDAC MC: Ver: 3.0.0
[    2.953043] shpchp: Standard Hot Plug PCI Controller Driver version: 0.4
[    2.956591] EDAC ie31200: No ECC support
[    2.987471] cfg80211: Calling CRDA to update world regulatory domain
[    2.989523] snd_hda_intel 0000:00:03.0: enabling device (0000 -> 0002)
[    2.989665] snd_hda_intel 0000:00:03.0: bound 0000:00:02.0 (ops i915_audio_component_bind_ops [i915])
[    2.989690] snd_hda_intel 0000:00:1b.0: enabling device (0000 -> 0002)
[    3.005720] sound hdaudioC1D0: autoconfig: line_outs=1 (0x14/0x0/0x0/0x0/0x0) type:speaker
[    3.005724] sound hdaudioC1D0:    speaker_outs=0 (0x0/0x0/0x0/0x0/0x0)
[    3.005727] sound hdaudioC1D0:    hp_outs=1 (0x21/0x0/0x0/0x0/0x0)
[    3.005729] sound hdaudioC1D0:    mono: mono_out=0x0
[    3.005730] sound hdaudioC1D0:    inputs:
[    3.005732] sound hdaudioC1D0:      Mic=0x18
[    3.005734] sound hdaudioC1D0:      Internal Mic=0x12
[    3.011039] input: HDA Intel PCH Mic as /devices/pci0000:00/0000:00:1b.0/sound/card1/input15
[    3.011110] input: HDA Intel PCH Headphone as /devices/pci0000:00/0000:00:1b.0/sound/card1/input16
[    3.012909] AVX2 version of gcm_enc/dec engaged.
[    3.012911] AES CTR mode by8 optimization enabled
[    3.017897] media: Linux media interface: v0.10
[    3.028097] Linux video capture interface: v2.00
[    3.029059] ath9k 0000:03:00.0: enabling device (0000 -> 0002)
[    3.030155] Bluetooth: Core ver 2.20
[    3.030167] NET: Registered protocol family 31
[    3.030168] Bluetooth: HCI device and connection manager initialized
[    3.030172] Bluetooth: HCI socket layer initialized
[    3.030174] Bluetooth: L2CAP socket layer initialized
[    3.030180] Bluetooth: SCO socket layer initialized
[    3.036341] input: HDA Intel HDMI HDMI/DP,pcm=3 as /devices/pci0000:00/0000:00:03.0/sound/card0/input17
[    3.036415] input: HDA Intel HDMI HDMI/DP,pcm=7 as /devices/pci0000:00/0000:00:03.0/sound/card0/input18
[    3.036560] input: HDA Intel HDMI HDMI/DP,pcm=8 as /devices/pci0000:00/0000:00:03.0/sound/card0/input19
[    3.037304] usbcore: registered new interface driver btusb
[    3.039213] usbcore: registered new interface driver ath3k
[    3.039320] ath: phy0: ASPM enabled: 0x42
[    3.039326] ath: EEPROM regdomain: 0x6c
[    3.039327] ath: EEPROM indicates we should expect a direct regpair map
[    3.039331] ath: Country alpha2 being used: 00
[    3.039332] ath: Regpair used: 0x6c
[    3.059777] uvcvideo: Found UVC 1.00 device HD WebCam (1bcf:2c11)
[    3.060180] ieee80211 phy0: Selected rate control algorithm 'minstrel_ht'
[    3.060493] ieee80211 phy0: Atheros AR9462 Rev:2 mem=0xffffc90005100000, irq=19
[    3.068379] intel_rapl: Found RAPL domain package
[    3.068386] intel_rapl: Found RAPL domain core
[    3.068390] intel_rapl: Found RAPL domain uncore
[    3.068394] intel_rapl: Found RAPL domain dram
[    3.069991] input: HD WebCam as /devices/pci0000:00/0000:00:14.0/usb1/1-14/1-14:1.0/input/input20
[    3.070068] usbcore: registered new interface driver uvcvideo
[    3.070070] USB Video Class driver (1.1.1)
[    3.076435] scsi 6:0:0:0: CD-ROM            TSSTcorp CDDVDW SE-S084C  TU00 PQ: 0 ANSI: 0
[    3.079021] sr 6:0:0:0: [sr0] scsi3-mmc drive: 47x/62x writer dvd-ram cd/rw xa/form2 cdda tray
[    3.079023] cdrom: Uniform CD-ROM driver Revision: 3.20
[    3.079147] sr 6:0:0:0: Attached scsi CD-ROM sr0
[    3.079238] sr 6:0:0:0: Attached scsi generic sg1 type 5
[    3.083492] cfg80211: World regulatory domain updated:
[    3.083494] cfg80211:  DFS Master region: unset
[    3.083496] cfg80211:   (start_freq - end_freq @ bandwidth), (max_antenna_gain, max_eirp), (dfs_cac_time)
[    3.083498] cfg80211:   (2402000 KHz - 2472000 KHz @ 40000 KHz), (300 mBi, 2000 mBm), (N/A)
[    3.083500] cfg80211:   (2457000 KHz - 2482000 KHz @ 40000 KHz), (300 mBi, 2000 mBm), (N/A)
[    3.083501] cfg80211:   (2474000 KHz - 2494000 KHz @ 20000 KHz), (300 mBi, 2000 mBm), (N/A)
[    3.083502] cfg80211:   (5170000 KHz - 5250000 KHz @ 40000 KHz), (300 mBi, 2000 mBm), (N/A)
[    3.083503] cfg80211:   (5735000 KHz - 5835000 KHz @ 40000 KHz), (300 mBi, 2000 mBm), (N/A)
[    3.603478] random: nonblocking pool is initialized
[    5.393445] EXT4-fs (sda2): re-mounted. Opts: errors=remount-ro
[    5.405349] systemd-journald[323]: Received request to flush runtime journal from PID 1
[    5.465631] Adding 8310780k swap on /dev/mapper/cryptswap1.  Priority:-1 extents:1 across:8310780k SSFS
[    5.469261] audit: type=1400 audit(1438104186.248:2): apparmor="STATUS" operation="profile_load" profile="unconfined" name="docker-default" pid=755 comm="apparmor_parser"
[    5.472582] audit: type=1400 audit(1438104186.252:3): apparmor="STATUS" operation="profile_load" profile="unconfined" name="/sbin/dhclient" pid=755 comm="apparmor_parser"
[    5.472589] audit: type=1400 audit(1438104186.252:4): apparmor="STATUS" operation="profile_load" profile="unconfined" name="/usr/lib/NetworkManager/nm-dhcp-client.action" pid=755 comm="apparmor_parser"
[    5.472593] audit: type=1400 audit(1438104186.252:5): apparmor="STATUS" operation="profile_load" profile="unconfined" name="/usr/lib/NetworkManager/nm-dhcp-helper" pid=755 comm="apparmor_parser"
[    5.472597] audit: type=1400 audit(1438104186.252:6): apparmor="STATUS" operation="profile_load" profile="unconfined" name="/usr/lib/connman/scripts/dhclient-script" pid=755 comm="apparmor_parser"
[    5.484422] audit: type=1400 audit(1438104186.264:7): apparmor="STATUS" operation="profile_load" profile="unconfined" name="/usr/bin/evince" pid=755 comm="apparmor_parser"
[    5.484427] audit: type=1400 audit(1438104186.264:8): apparmor="STATUS" operation="profile_load" profile="unconfined" name="sanitized_helper" pid=755 comm="apparmor_parser"
[    5.484430] audit: type=1400 audit(1438104186.264:9): apparmor="STATUS" operation="profile_load" profile="unconfined" name="/usr/bin/evince-previewer" pid=755 comm="apparmor_parser"
[    5.484433] audit: type=1400 audit(1438104186.264:10): apparmor="STATUS" operation="profile_load" profile="unconfined" name="sanitized_helper" pid=755 comm="apparmor_parser"
[    5.670002] Bluetooth: BNEP (Ethernet Emulation) ver 1.3
[    5.670005] Bluetooth: BNEP filters: protocol multicast
[    5.670009] Bluetooth: BNEP socket layer initialized
[    5.674932] Bluetooth: RFCOMM TTY layer initialized
[    5.674939] Bluetooth: RFCOMM socket layer initialized
[    5.674943] Bluetooth: RFCOMM ver 1.11
[    8.835457] audit_printk_skb: 39 callbacks suppressed
[    8.835459] audit: type=1400 audit(1438104189.612:24): apparmor="DENIED" operation="mkdir" profile="/usr/lib/telepathy/mission-control-5" name="/var/lib/gdm/.config/libaccounts-glib/" pid=1252 comm="mission-control" requested_mask="c" denied_mask="c" fsuid=116 ouid=116
[    8.840714] audit: type=1400 audit(1438104189.620:25): apparmor="DENIED" operation="open" profile="/usr/lib/telepathy/mission-control-5" name="/usr/share/dconf/profile/gdm" pid=1252 comm="mission-control" requested_mask="r" denied_mask="r" fsuid=116 ouid=0
[    9.173458] Bluetooth: HIDP (Human Interface Emulation) ver 1.2
[    9.173465] Bluetooth: HIDP socket layer initialized
[    9.527974] wlan0: authenticate with 00:1c:10:41:58:86
[    9.537659] wlan0: send auth to 00:1c:10:41:58:86 (try 1/3)
[    9.539616] wlan0: authenticated
[    9.539740] ath9k 0000:03:00.0 wlan0: disabling HT/VHT due to WEP/TKIP use
[    9.540031] wlan0: associate with 00:1c:10:41:58:86 (try 1/3)
[    9.542804] wlan0: RX AssocResp from 00:1c:10:41:58:86 (capab=0x411 status=0 aid=2)
[    9.542888] wlan0: associated
[   11.812088] ACPI Warning: \_SB_.PCI0.PEG0.PEGP._DSM: Argument #4 type mismatch - Found [Buffer], ACPI requires [Package] (20141107/nsarguments-95)
[   11.812392] ACPI: \_SB_.PCI0.PEG0.PEGP: failed to evaluate _DSM
[   11.812397] ACPI Warning: \_SB_.PCI0.PEG0.PEGP._DSM: Argument #4 type mismatch - Found [Buffer], ACPI requires [Package] (20141107/nsarguments-95)
[   19.496370] UDF-fs: INFO Mounting volume 'BROKEDOWNPALACE', timestamp 1999/11/18 22:04 (1000)
[   33.448032] capability: warning: `VirtualBox' uses 32-bit capabilities (legacy support in use)
[  102.201905] vboxdrv: module verification failed: signature and/or  required key missing - tainting kernel
[  102.208794] vboxdrv: Found 8 processor cores.
[  102.209020] vboxdrv: fAsync=1 offMin=0x119b7d9fd offMax=0x119b7d9fd
[  102.209170] vboxdrv: TSC mode is 'asynchronous', kernel timer mode is 'normal'.
[  102.209172] vboxdrv: Successfully loaded version 4.3.30 (interface 0x001a000a).
[  102.417082] vboxpci: IOMMU not found (not registered)
[  254.846992] Netfilter messages via NETLINK v0.30.
[  507.548570] usb 1-2.1: USB disconnect, device number 4
[ 1022.572548] usb 1-2.1: new low-speed USB device number 10 using xhci_hcd
[ 1022.682519] usb 1-2.1: New USB device found, idVendor=1d34, idProduct=0020
[ 1022.682524] usb 1-2.1: New USB device strings: Mfr=1, Product=2, SerialNumber=3
[ 1022.682527] usb 1-2.1: Product: DL120A Dream Cheeky Generic Controller
[ 1022.682529] usb 1-2.1: Manufacturer: Dream Link
[ 1022.682530] usb 1-2.1: SerialNumber: 0x01
[ 1022.692621] hid-generic 0003:1D34:0020.0009: hiddev0,hidraw4: USB HID v1.00 Device [Dream Link DL120A Dream Cheeky Generic Controller] on usb-0000:00:14.0-2.1/input0
[ 1066.164680] usb 1-2.1: reset low-speed USB device number 10 using xhci_hcd
[ 1066.448766] xhci_hcd 0000:00:14.0: xHCI xhci_drop_endpoint called with disabled ep ffff8801e2353e40
[ 1066.459410] hid-generic 0003:1D34:0020.000A: hiddev0,hidraw4: USB HID v1.00 Device [Dream Link DL120A Dream Cheeky Generic Controller] on usb-0000:00:14.0-2.1/input0
[ 2751.781851] usb 1-2.1: usbfs: process 9624 (bonkers) did not claim interface 0 before use
[ 2762.971845] usb 1-2.1: usbfs: process 9653 (bonkers) did not claim interface 0 before use
[ 2776.500487] usb 1-2.1: usbfs: process 9673 (bonkers) did not claim interface 0 before use
[ 2793.063273] usb 1-2.1: usbfs: process 9693 (bonkers) did not claim interface 0 before use
[ 2812.388825] usb 1-2.1: usbfs: process 9710 (bonkers) did not claim interface 0 before use
[ 6764.622740] sr 6:0:0:0: [sr0] FAILED Result: hostbyte=DID_OK driverbyte=DRIVER_SENSE
[ 6764.622745] sr 6:0:0:0: [sr0] Sense Key : Medium Error [current]
[ 6764.622747] sr 6:0:0:0: [sr0] Add. Sense: L-EC uncorrectable error
[ 6764.622748] sr 6:0:0:0: [sr0] CDB: 
[ 6764.622750] Read(10): 28 00 00 16 aa 78 00 00 3c 00 00 00
[ 6764.622757] blk_update_request: critical medium error, dev sr0, sector 5941728
[ 6809.599194] sr 6:0:0:0: [sr0] FAILED Result: hostbyte=DID_OK driverbyte=DRIVER_SENSE
[ 6809.599213] sr 6:0:0:0: [sr0] Sense Key : Medium Error [current]
[ 6809.599222] sr 6:0:0:0: [sr0] Add. Sense: L-EC uncorrectable error
[ 6809.599228] sr 6:0:0:0: [sr0] CDB: 
[ 6809.599233] Read(10): 28 00 00 16 aa 80 00 00 01 00 00 00
[ 6809.599255] blk_update_request: critical medium error, dev sr0, sector 5941760
[ 6816.105109] sr 6:0:0:0: [sr0] FAILED Result: hostbyte=DID_OK driverbyte=DRIVER_SENSE
[ 6816.105116] sr 6:0:0:0: [sr0] Sense Key : Medium Error [current]
[ 6816.105119] sr 6:0:0:0: [sr0] Add. Sense: L-EC uncorrectable error
[ 6816.105121] sr 6:0:0:0: [sr0] CDB: 
[ 6816.105123] Read(10): 28 00 00 16 aa 80 00 00 01 00 00 00
[ 6816.105132] blk_update_request: critical medium error, dev sr0, sector 5941760
[ 6822.611274] sr 6:0:0:0: [sr0] FAILED Result: hostbyte=DID_OK driverbyte=DRIVER_SENSE
[ 6822.611296] sr 6:0:0:0: [sr0] Sense Key : Medium Error [current]
[ 6822.611307] sr 6:0:0:0: [sr0] Add. Sense: L-EC uncorrectable error
[ 6822.611315] sr 6:0:0:0: [sr0] CDB: 
[ 6822.611320] Read(10): 28 00 00 16 aa 80 00 00 01 00 00 00
[ 6822.611352] blk_update_request: critical medium error, dev sr0, sector 5941760
[ 6828.972558] sr 6:0:0:0: [sr0] FAILED Result: hostbyte=DID_OK driverbyte=DRIVER_SENSE
[ 6828.972572] sr 6:0:0:0: [sr0] Sense Key : Medium Error [current]
[ 6828.972579] sr 6:0:0:0: [sr0] Add. Sense: L-EC uncorrectable error
[ 6828.972583] sr 6:0:0:0: [sr0] CDB: 
[ 6828.972587] Read(10): 28 00 00 16 aa 80 00 00 01 00 00 00
[ 6828.972603] blk_update_request: critical medium error, dev sr0, sector 5941760
[ 6835.368875] sr 6:0:0:0: [sr0] FAILED Result: hostbyte=DID_OK driverbyte=DRIVER_SENSE
[ 6835.368880] sr 6:0:0:0: [sr0] Sense Key : Medium Error [current]
[ 6835.368882] sr 6:0:0:0: [sr0] Add. Sense: L-EC uncorrectable error
[ 6835.368884] sr 6:0:0:0: [sr0] CDB: 
[ 6835.368885] Read(10): 28 00 00 16 aa 80 00 00 01 00 00 00
[ 6835.368892] blk_update_request: critical medium error, dev sr0, sector 5941760
[ 7023.134854] usb 1-2.1: usbfs: process 15412 (bonkers) did not claim interface 0 before use
[ 7667.545234] usb 1-2.1: USB disconnect, device number 10
[ 7670.560514] usb 1-2.1: new low-speed USB device number 11 using xhci_hcd
[ 7670.672290] usb 1-2.1: New USB device found, idVendor=1d34, idProduct=0020
[ 7670.672294] usb 1-2.1: New USB device strings: Mfr=1, Product=2, SerialNumber=3
[ 7670.672296] usb 1-2.1: Product: DL120A Dream Cheeky Generic Controller
[ 7670.672297] usb 1-2.1: Manufacturer: Dream Link
[ 7670.672299] usb 1-2.1: SerialNumber: 0x01
[ 7670.682824] hid-generic 0003:1D34:0020.000B: hiddev0,hidraw4: USB HID v1.00 Device [Dream Link DL120A Dream Cheeky Generic Controller] on usb-0000:00:14.0-2.1/input0
[ 7846.488157] usb 1-2.1: USB disconnect, device number 11
[ 7854.113042] usb 1-2.1: new low-speed USB device number 12 using xhci_hcd
[ 7854.227430] usb 1-2.1: New USB device found, idVendor=1d34, idProduct=0020
[ 7854.227437] usb 1-2.1: New USB device strings: Mfr=1, Product=2, SerialNumber=3
[ 7854.227441] usb 1-2.1: Product: DL120A Dream Cheeky Generic Controller
[ 7854.227444] usb 1-2.1: Manufacturer: Dream Link
[ 7854.227447] usb 1-2.1: SerialNumber: 0x01
[ 7854.238108] hid-generic 0003:1D34:0020.000C: hiddev0,hidraw4: USB HID v1.00 Device [Dream Link DL120A Dream Cheeky Generic Controller] on usb-0000:00:14.0-2.1/input0
[ 8094.806798] usb 1-2.1: USB disconnect, device number 12
[ 8097.056362] usb 1-2.1: new low-speed USB device number 13 using xhci_hcd
[ 8097.167703] usb 1-2.1: New USB device found, idVendor=1d34, idProduct=0020
[ 8097.167707] usb 1-2.1: New USB device strings: Mfr=1, Product=2, SerialNumber=3
[ 8097.167709] usb 1-2.1: Product: DL120A Dream Cheeky Generic Controller
[ 8097.167710] usb 1-2.1: Manufacturer: Dream Link
[ 8097.167712] usb 1-2.1: SerialNumber: 0x01
[ 8097.177801] hid-generic 0003:1D34:0020.000D: hiddev0,hidraw4: USB HID v1.00 Device [Dream Link DL120A Dream Cheeky Generic Controller] on usb-0000:00:14.0-2.1/input0
[ 8288.144819] sr 6:0:0:0: [sr0] FAILED Result: hostbyte=DID_OK driverbyte=DRIVER_SENSE
[ 8288.144824] sr 6:0:0:0: [sr0] Sense Key : Medium Error [current]
[ 8288.144826] sr 6:0:0:0: [sr0] Add. Sense: L-EC uncorrectable error
[ 8288.144827] sr 6:0:0:0: [sr0] CDB: 
[ 8288.144829] Read(10): 28 00 00 16 aa 78 00 00 3c 00 00 00
[ 8288.144836] blk_update_request: critical medium error, dev sr0, sector 5941728
[ 8332.307120] sr 6:0:0:0: [sr0] FAILED Result: hostbyte=DID_OK driverbyte=DRIVER_SENSE
[ 8332.307125] sr 6:0:0:0: [sr0] Sense Key : Medium Error [current]
[ 8332.307127] sr 6:0:0:0: [sr0] Add. Sense: L-EC uncorrectable error
[ 8332.307128] sr 6:0:0:0: [sr0] CDB: 
[ 8332.307130] Read(10): 28 00 00 16 aa 80 00 00 01 00 00 00
[ 8332.307137] blk_update_request: critical medium error, dev sr0, sector 5941760
[ 8338.812931] sr 6:0:0:0: [sr0] FAILED Result: hostbyte=DID_OK driverbyte=DRIVER_SENSE
[ 8338.812937] sr 6:0:0:0: [sr0] Sense Key : Medium Error [current]
[ 8338.812940] sr 6:0:0:0: [sr0] Add. Sense: L-EC uncorrectable error
[ 8338.812943] sr 6:0:0:0: [sr0] CDB: 
[ 8338.812945] Read(10): 28 00 00 16 aa 80 00 00 01 00 00 00
[ 8338.812954] blk_update_request: critical medium error, dev sr0, sector 5941760
[ 8345.318935] sr 6:0:0:0: [sr0] FAILED Result: hostbyte=DID_OK driverbyte=DRIVER_SENSE
[ 8345.318941] sr 6:0:0:0: [sr0] Sense Key : Medium Error [current]
[ 8345.318944] sr 6:0:0:0: [sr0] Add. Sense: L-EC uncorrectable error
[ 8345.318946] sr 6:0:0:0: [sr0] CDB: 
[ 8345.318947] Read(10): 28 00 00 16 aa 80 00 00 01 00 00 00
[ 8345.318956] blk_update_request: critical medium error, dev sr0, sector 5941760
[ 8351.443272] sr 6:0:0:0: [sr0] FAILED Result: hostbyte=DID_OK driverbyte=DRIVER_SENSE
[ 8351.443277] sr 6:0:0:0: [sr0] Sense Key : Medium Error [current]
[ 8351.443279] sr 6:0:0:0: [sr0] Add. Sense: L-EC uncorrectable error
[ 8351.443280] sr 6:0:0:0: [sr0] CDB: 
[ 8351.443282] Read(10): 28 00 00 16 aa 80 00 00 01 00 00 00
[ 8351.443289] blk_update_request: critical medium error, dev sr0, sector 5941760
[ 8357.568233] sr 6:0:0:0: [sr0] FAILED Result: hostbyte=DID_OK driverbyte=DRIVER_SENSE
[ 8357.568238] sr 6:0:0:0: [sr0] Sense Key : Medium Error [current]
[ 8357.568241] sr 6:0:0:0: [sr0] Add. Sense: L-EC uncorrectable error
[ 8357.568242] sr 6:0:0:0: [sr0] CDB: 
[ 8357.568244] Read(10): 28 00 00 16 aa 80 00 00 01 00 00 00
[ 8357.568251] blk_update_request: critical medium error, dev sr0, sector 5941760
[ 8456.980417] sr 6:0:0:0: [sr0] FAILED Result: hostbyte=DID_OK driverbyte=DRIVER_SENSE
[ 8456.980425] sr 6:0:0:0: [sr0] Sense Key : Illegal Request [current]
[ 8456.980431] sr 6:0:0:0: [sr0] Add. Sense: Read of scrambled sector without authentication
[ 8456.980433] sr 6:0:0:0: [sr0] CDB: 
[ 8456.980436] Read(10): 28 00 00 00 04 00 00 00 02 00 00 00
[ 8456.980448] blk_update_request: I/O error, dev sr0, sector 4096
[ 8457.085636] sr 6:0:0:0: [sr0] FAILED Result: hostbyte=DID_OK driverbyte=DRIVER_SENSE
[ 8457.085641] sr 6:0:0:0: [sr0] Sense Key : Illegal Request [current]
[ 8457.085644] sr 6:0:0:0: [sr0] Add. Sense: Read of scrambled sector without authentication
[ 8457.085645] sr 6:0:0:0: [sr0] CDB: 
[ 8457.085647] Read(10): 28 00 00 00 04 00 00 00 02 00 00 00
[ 8457.085654] blk_update_request: I/O error, dev sr0, sector 4096
[ 8457.085657] Buffer I/O error on dev sr0, logical block 512, async page read
[ 8458.924537] bonkers[16186]: segfault at f ip 00007f82e59db875 sp 00007fff6817c938 error 4 in libc-2.21.so[7f82e588e000+1c0000]
[11392.111295] usb 1-2.1: USB disconnect, device number 13
[11415.864398] usb 1-2.1: new low-speed USB device number 14 using xhci_hcd
[11415.958281] usb 1-2.1: New USB device found, idVendor=1d34, idProduct=000d
[11415.958285] usb 1-2.1: New USB device strings: Mfr=1, Product=2, SerialNumber=0
[11415.958287] usb 1-2.1: Product: DL100B Dream Cheeky Generic Controller
[11415.958289] usb 1-2.1: Manufacturer: Dream Link
[11415.958509] usb 1-2.1: ep 0x81 - rounding interval to 64 microframes, ep desc says 80 microframes
[11415.961865] hid-generic 0003:1D34:000D.000E: hiddev0,hidraw4: USB HID v1.10 Device [Dream Link DL100B Dream Cheeky Generic Controller] on usb-0000:00:14.0-2.1/input0
[12691.840330] bonkers[17202]: segfault at 40 ip 00007f190ac4296a sp 00007ffdfa0e4330 error 4 in libusb-1.0.so.0.1.0[7f190ac3d000+17000]
[12737.950928] bonkers[17219]: segfault at 40 ip 00007f2519b3996a sp 00007ffeb263e4d0 error 4 in libusb-1.0.so.0.1.0[7f2519b34000+17000]
[12743.564899] bonkers[17235]: segfault at 40 ip 00007f307cf3496a sp 00007ffdbd0134c0 error 4 in libusb-1.0.so.0.1.0[7f307cf2f000+17000]
[12814.826854] bonkers[17262]: segfault at 40 ip 00007f3b9eeb296a sp 00007ffc3fd82640 error 4 in libusb-1.0.so.0.1.0[7f3b9eead000+17000]
[13004.170650] usb 1-2.1: USB disconnect, device number 14
[13017.376948] usb 1-2.1: new low-speed USB device number 15 using xhci_hcd
[13017.470850] usb 1-2.1: New USB device found, idVendor=1d34, idProduct=000d
[13017.470859] usb 1-2.1: New USB device strings: Mfr=1, Product=2, SerialNumber=0
[13017.470864] usb 1-2.1: Product: DL100B Dream Cheeky Generic Controller
[13017.470868] usb 1-2.1: Manufacturer: Dream Link
[13017.471240] usb 1-2.1: ep 0x81 - rounding interval to 64 microframes, ep desc says 80 microframes
[13017.475002] hid-generic 0003:1D34:000D.000F: hiddev0,hidraw4: USB HID v1.10 Device [Dream Link DL100B Dream Cheeky Generic Controller] on usb-0000:00:14.0-2.1/input0
[13431.695862] usb 1-2.1: USB disconnect, device number 15
[13441.112847] usb 1-2.1: new low-speed USB device number 16 using xhci_hcd
[13441.223605] usb 1-2.1: New USB device found, idVendor=1d34, idProduct=0020
[13441.223609] usb 1-2.1: New USB device strings: Mfr=1, Product=2, SerialNumber=3
[13441.223611] usb 1-2.1: Product: DL120A Dream Cheeky Generic Controller
[13441.223613] usb 1-2.1: Manufacturer: Dream Link
[13441.223614] usb 1-2.1: SerialNumber: 0x01
[13441.233852] hid-generic 0003:1D34:0020.0010: hiddev0,hidraw4: USB HID v1.00 Device [Dream Link DL120A Dream Cheeky Generic Controller] on usb-0000:00:14.0-2.1/input0
[15769.535054] usb 1-2.1: USB disconnect, device number 16
[15777.672748] usb 1-2.1: new low-speed USB device number 17 using xhci_hcd
[15777.787499] usb 1-2.1: New USB device found, idVendor=1d34, idProduct=0020
[15777.787503] usb 1-2.1: New USB device strings: Mfr=1, Product=2, SerialNumber=3
[15777.787505] usb 1-2.1: Product: DL120A Dream Cheeky Generic Controller
[15777.787507] usb 1-2.1: Manufacturer: Dream Link
[15777.787508] usb 1-2.1: SerialNumber: 0x01
[15777.797794] hid-generic 0003:1D34:0020.0011: hiddev0,hidraw4: USB HID v1.00 Device [Dream Link DL120A Dream Cheeky Generic Controller] on usb-0000:00:14.0-2.1/input0
[17196.506521] usb 1-2.1: USB disconnect, device number 17
[17208.944800] usb 1-2.1: new low-speed USB device number 18 using xhci_hcd
[17209.038094] usb 1-2.1: New USB device found, idVendor=1d34, idProduct=000d
[17209.038097] usb 1-2.1: New USB device strings: Mfr=1, Product=2, SerialNumber=0
[17209.038098] usb 1-2.1: Product: DL100B Dream Cheeky Generic Controller
[17209.038099] usb 1-2.1: Manufacturer: Dream Link
[17209.038272] usb 1-2.1: ep 0x81 - rounding interval to 64 microframes, ep desc says 80 microframes
[17209.041301] hid-generic 0003:1D34:000D.0012: hiddev0,hidraw4: USB HID v1.10 Device [Dream Link DL100B Dream Cheeky Generic Controller] on usb-0000:00:14.0-2.1/input0
[17224.666958] usb 1-2.1: USB disconnect, device number 18
[17251.236721] usb 1-2.1: new low-speed USB device number 19 using xhci_hcd
[17251.328557] usb 1-2.1: New USB device found, idVendor=1130, idProduct=6626
[17251.328561] usb 1-2.1: New USB device strings: Mfr=2, Product=2, SerialNumber=0
[17251.328563] usb 1-2.1: Product: PS USB
[17251.328564] usb 1-2.1: Manufacturer: PS USB
[17251.328784] usb 1-2.1: ep 0x81 - rounding interval to 64 microframes, ep desc says 80 microframes
[17251.332488] input: PS USB PS USB as /devices/pci0000:00/0000:00:14.0/usb1/1-2/1-2.1/1-2.1:1.0/0003:1130:6626.0013/input/input21
[17251.388334] hid-generic 0003:1130:6626.0013: input,hidraw4: USB HID v1.10 Keyboard [PS USB PS USB] on usb-0000:00:14.0-2.1/input0
[17274.332136] usb 1-2.1: USB disconnect, device number 19
[68522.856559] usb 1-2.1: new low-speed USB device number 20 using xhci_hcd
[68522.928896] usb 1-2.1: device descriptor read/64, error -32
[68523.104434] usb 1-2.1: device descriptor read/64, error -32
[68523.280932] usb 1-2.1: new low-speed USB device number 21 using xhci_hcd
[68523.352594] usb 1-2.1: device descriptor read/64, error -32
[68523.528897] usb 1-2.1: device descriptor read/64, error -32
[68523.704739] usb 1-2.1: new low-speed USB device number 22 using xhci_hcd
[68523.705217] usb 1-2.1: Device not responding to setup address.
[68523.908517] usb 1-2.1: Device not responding to setup address.
[68524.112036] usb 1-2.1: device not accepting address 22, error -71
[68524.184633] usb 1-2.1: new low-speed USB device number 23 using xhci_hcd
[68524.185026] usb 1-2.1: Device not responding to setup address.
[68524.388411] usb 1-2.1: Device not responding to setup address.
[68524.592039] usb 1-2.1: device not accepting address 23, error -71
[68524.592937] usb 1-2-port1: unable to enumerate USB device
[68545.896415] usb 1-2.1: new low-speed USB device number 24 using xhci_hcd
[68546.007960] usb 1-2.1: New USB device found, idVendor=1d34, idProduct=0020
[68546.007963] usb 1-2.1: New USB device strings: Mfr=1, Product=2, SerialNumber=3
[68546.007964] usb 1-2.1: Product: DL120A Dream Cheeky Generic Controller
[68546.007966] usb 1-2.1: Manufacturer: Dream Link
[68546.007967] usb 1-2.1: SerialNumber: 0x01
[68546.018112] hid-generic 0003:1D34:0020.0014: hiddev0,hidraw4: USB HID v1.00 Device [Dream Link DL120A Dream Cheeky Generic Controller] on usb-0000:00:14.0-2.1/input0
[69200.296632] usb 1-2.1: USB disconnect, device number 24
[73516.412223] sr 6:0:0:0: [sr0] FAILED Result: hostbyte=DID_OK driverbyte=DRIVER_SENSE
[73516.412227] sr 6:0:0:0: [sr0] Sense Key : Illegal Request [current]
